###############################################################################
#
# IAR ELF Linker V9.30.1.335/W64 for ARM                  04/Jun/2023  07:54:50
# Copyright 2007-2022 IAR Systems AB.
#
#    Output file  =
#        R:\POIP\POIP\POIP2\Kurs\POIP_Kersovow\Debug\Exe\Kursovow.out
#    Map file     =
#        R:\POIP\POIP\POIP2\Kurs\POIP_Kersovow\Debug\List\Kursovow.map
#    Command line =
#        -f R:\POIP\POIP\POIP2\Kurs\POIP_Kersovow\Debug\Exe\Kursovow.out.rsp
#        (R:\POIP\POIP\POIP2\Kurs\POIP_Kersovow\Debug\Obj\Hardware\ADC\ADC.o
#        R:\POIP\POIP\POIP2\Kurs\POIP_Kersovow\Debug\Obj\Rtos\FreeRtos\croutine.o
#        R:\POIP\POIP\POIP2\Kurs\POIP_Kersovow\Debug\Obj\Applications\Parameters\CurrentControler.o
#        R:\POIP\POIP\POIP2\Kurs\POIP_Kersovow\Debug\Obj\Thread\CurrentPowerRegulationTask.o
#        R:\POIP\POIP\POIP2\Kurs\POIP_Kersovow\Debug\Obj\Rtos\FreeRtos\event_groups.o
#        R:\POIP\POIP\POIP2\Kurs\POIP_Kersovow\Debug\Obj\Hardware\Flowmeter\Flowmeter.o
#        R:\POIP\POIP\POIP2\Kurs\POIP_Kersovow\Debug\Obj\Thread\FlowTask.o
#        R:\POIP\POIP\POIP2\Kurs\POIP_Kersovow\Debug\Obj\Rtos\FreeRtos\list.o
#        R:\POIP\POIP\POIP2\Kurs\POIP_Kersovow\Debug\Obj\main.o
#        R:\POIP\POIP\POIP2\Kurs\POIP_Kersovow\Debug\Obj\Rtos\FreeRtos\portable\IAR\ARM_CM4F\port.o
#        R:\POIP\POIP\POIP2\Kurs\POIP_Kersovow\Debug\Obj\Rtos\FreeRtos\portable\IAR\ARM_CM4F\portasm.o
#        R:\POIP\POIP\POIP2\Kurs\POIP_Kersovow\Debug\Obj\Hardware\PWM\PWM.o
#        R:\POIP\POIP\POIP2\Kurs\POIP_Kersovow\Debug\Obj\Rtos\FreeRtos\queue.o
#        R:\POIP\POIP\POIP2\Kurs\POIP_Kersovow\Debug\Obj\Hardware\ADC\Resistor.o
#        R:\POIP\POIP\POIP2\Kurs\POIP_Kersovow\Debug\Obj\StartUp.o
#        R:\POIP\POIP\POIP2\Kurs\POIP_Kersovow\Debug\Obj\Rtos\FreeRtos\tasks.o
#        R:\POIP\POIP\POIP2\Kurs\POIP_Kersovow\Debug\Obj\Applications\Parameters\Temperature.o
#        R:\POIP\POIP\POIP2\Kurs\POIP_Kersovow\Debug\Obj\Thread\TemperatureTask.o
#        R:\POIP\POIP\POIP2\Kurs\POIP_Kersovow\Debug\Obj\Rtos\FreeRtos\timers.o
#        R:\POIP\POIP\POIP2\Kurs\POIP_Kersovow\Debug\Obj\Applications\Parameters\WaterConsumtion.o
#        --no_out_extension -o
#        R:\POIP\POIP\POIP2\Kurs\POIP_Kersovow\Debug\Exe\Kursovow.out
#        --redirect _Printf=_PrintfFullNoMb --redirect _Scanf=_ScanfFullNoMb
#        --map R:\POIP\POIP\POIP2\Kurs\POIP_Kersovow\Debug\List\Kursovow.map
#        --config R:\Program\IAR\arm/config/linker/ST/stm32f411xE.icf
#        --semihosting --entry __iar_program_start --vfe --text_out locale
#        --cpu=Cortex-M4 --fpu=VFPv4_sp)
#
###############################################################################

*******************************************************************************
*** RUNTIME MODEL ATTRIBUTES
***

CppFlavor                     = *
__CPP_Exceptions              = Disabled
__CPP_Language                = C++14
__CPP_Library                 = libc++
__CPP_Runtime                 = 1
__Heap_Handler                = Basic
__SystemLibrary               = DLib
__dlib_dynamic_initialization = normal
__dlib_version                = 6


*******************************************************************************
*** HEAP SELECTION
***

The basic heap was selected because --advanced_heap
was not specified and the application did not appear to
be primarily optimized for speed.


*******************************************************************************
*** PLACEMENT SUMMARY
***

"A0":  place at address 0x800'0000 { ro section .intvec };
"P1":  place in [from 0x800'0000 to 0x807'ffff] { ro };
define block CSTACK with size = 8K, alignment = 8 { };
define block HEAP with size = 8K, alignment = 8 { };
"P2":  place in [from 0x2000'0000 to 0x2001'ffff] {
          rw, block CSTACK, block HEAP };
initialize by copy { rw };

  Section                Kind         Address    Size  Object
  -------                ----         -------    ----  ------
"A0":                                           0x11c
  .intvec                const     0x800'0000   0x11c  StartUp.o [1]
                                 - 0x800'011c   0x11c

"P1":                                          0x73e9
  .text                  ro code   0x800'011c   0xeaa  xprintffull_nomb.o [9]
  .text                  ro code   0x800'0fc6    0x7e  lz77_init_single.o [13]
  .text                  ro code   0x800'1044    0x16  strchr.o [13]
  .text                  ro code   0x800'105a    0x1a  xsnprout.o [9]
  .text                  ro code   0x800'1074    0x40  xfail_s.o [9]
  .text                  ro code   0x800'10b4    0x36  strlen.o [13]
  .text                  ro code   0x800'10ea     0xa  main.o [1]
  .text                  ro code   0x800'10f4    0x58  memchr.o [13]
  .text                  ro code   0x800'114c    0xa6  ABImemcpy.o [13]
  .text                  ro code   0x800'11f2     0x6  ios.instantiations.o [10]
  .text                  ro code   0x800'11f8    0x70  frexp.o [12]
  .text                  ro code   0x800'1268    0x34  DblCmpLe.o [12]
  .text                  ro code   0x800'129c    0x34  DblCmpGe.o [12]
  .text                  ro code   0x800'12d0   0x13a  ldexp.o [12]
  .rodata                const     0x800'140a     0x2  xlocale_c.o [9]
  .text                  ro code   0x800'140c    0x36  DblToS32.o [12]
  .rodata                const     0x800'1442     0x2  xlocale_c.o [9]
  .text                  ro code   0x800'1444    0x22  S32ToDbl.o [12]
  .text                  ro code   0x800'1466     0x2  StartUp.o [1]
  .text                  ro code   0x800'1468   0x24e  DblAddSub.o [12]
  .rodata                const     0x800'16b6     0x1  locale.o [10]
  .rodata                const     0x800'16b7     0x1  unwind_debug.o [14]
  .text                  ro code   0x800'16b8   0x246  DblDiv.o [12]
  .rodata                const     0x800'18fe     0x1  xlocale_c.o [9]
  .text                  ro code   0x800'1900    0x22  DblToU32.o [12]
  .text                  ro code   0x800'1924    0x1c  U32ToDbl.o [12]
  .text                  ro code   0x800'1940   0x1aa  DblMul.o [12]
  .text                  ro code   0x800'1aec    0x18  xlocale_c.o [9]
  .text                  ro code   0x800'1b04   0x274  I64DivMod.o [13]
  .text                  ro code   0x800'1d78     0x6  abort.o [9]
  .text                  ro code   0x800'1d80    0x24  errno.o [9]
  .text                  ro code   0x800'1da4     0x2  I64DivZer.o [13]
  .text                  ro code   0x800'1da8    0x14  exit.o [14]
  .text                  ro code   0x800'1dbc     0x4  tp_nothreads.o [9]
  .text                  ro code   0x800'1dc0    0x7c  iarttio.o [14]
  .text                  ro code   0x800'1e3c     0x8  XShttio.o [9]
  .text                  ro code   0x800'1e44   0x87c  locale.o [10]
  .text                  ro code   0x800'26c0     0x4  delop4_0.o [11]
  .text                  ro code   0x800'26c4     0x2  memory.o [10]
  .text                  ro code   0x800'26c6    0x32  locale.o [10]
  .text                  ro code   0x800'26f8    0x26  locale.o [10]
  .text                  ro code   0x800'271e    0x58  locale.o [10]
  .text                  ro code   0x800'2776    0x22  locale.o [10]
  .text                  ro code   0x800'2798    0x18  locale.o [10]
  .text                  ro code   0x800'27b0    0x18  locale.o [10]
  .text                  ro code   0x800'27c8    0x18  locale.o [10]
  .text                  ro code   0x800'27e0    0x18  locale.o [10]
  .text                  ro code   0x800'27f8    0x18  locale.o [10]
  .text                  ro code   0x800'2810    0x18  locale.o [10]
  .text                  ro code   0x800'2828    0x18  locale.o [10]
  .text                  ro code   0x800'2840    0x18  locale.o [10]
  .text                  ro code   0x800'2858    0x18  locale.o [10]
  .text                  ro code   0x800'2870    0x18  locale.o [10]
  .text                  ro code   0x800'2888    0x18  locale.o [10]
  .text                  ro code   0x800'28a0    0x18  locale.o [10]
  .text                  ro code   0x800'28b8    0x18  locale.o [10]
  .text                  ro code   0x800'28d0    0x18  locale.o [10]
  .text                  ro code   0x800'28e8    0x18  locale.o [10]
  .text                  ro code   0x800'2900    0x18  locale.o [10]
  .text                  ro code   0x800'2918    0x18  locale.o [10]
  .text                  ro code   0x800'2930    0x18  locale.o [10]
  .text                  ro code   0x800'2948    0x28  locale.o [10]
  .text                  ro code   0x800'2970    0x28  locale.o [10]
  .text                  ro code   0x800'2998    0x24  locale.o [10]
  .text                  ro code   0x800'29bc    0x24  locale.o [10]
  .text                  ro code   0x800'29e0    0x18  locale.o [10]
  .text                  ro code   0x800'29f8    0x18  locale.o [10]
  .text                  ro code   0x800'2a10    0x1a  locale.o [10]
  .text                  ro code   0x800'2a2a     0x4  locale.o [10]
  .text                  ro code   0x800'2a2e    0x2a  locale.o [10]
  .text                  ro code   0x800'2a58     0xc  locale.o [10]
  .text                  ro code   0x800'2a64    0xac  locale.o [10]
  .text                  ro code   0x800'2b10    0x1c  locale.o [10]
  .text                  ro code   0x800'2b2c    0x1a  locale.o [10]
  .text                  ro code   0x800'2b46    0x18  mutex.o [10]
  .text                  ro code   0x800'2b5e     0x4  delaop_0.o [11]
  .text                  ro code   0x800'2b64    0x10  locale.o [10]
  .text                  ro code   0x800'2b74    0x96  iar_locale.o [10]
  .text                  ro code   0x800'2c0c    0xa4  iar_newlocale.o [10]
  .text                  ro code   0x800'2cb0     0xa  locale.o [10]
  .text                  ro code   0x800'2cba    0x32  locale.o [10]
  .text                  ro code   0x800'2cec     0xa  delop_0.o [11]
  .text                  ro code   0x800'2cf6    0x2a  locale.o [10]
  .text                  ro code   0x800'2d20    0x20  locale.o [10]
  .text                  ro code   0x800'2d40     0x4  string.o [10]
  .text                  ro code   0x800'2d44    0x24  newop_0.o [11]
  .text                  ro code   0x800'2d68     0xc  locale.o [10]
  .text                  ro code   0x800'2d74    0x16  locale.o [10]
  .text                  ro code   0x800'2d8a    0x3e  locale.o [10]
  .text                  ro code   0x800'2dc8    0x2c  locale.o [10]
  .text                  ro code   0x800'2df4     0xa  locale.o [10]
  .text                  ro code   0x800'2dfe    0x28  locale.o [10]
  .text                  ro code   0x800'2e26    0x10  locale.o [10]
  .text                  ro code   0x800'2e38    0x3c  vsnprint.o [9]
  .text                  ro code   0x800'2e74   0x13c  heap0.o [9]
  .text                  ro code   0x800'2fb0     0x4  heaptramp0.o [9]
  .text                  ro code   0x800'2fb4   0x1a0  iar_newlocale.o [10]
  .text                  ro code   0x800'3154     0xc  iar_newlocale.o [10]
  .text                  ro code   0x800'3160    0x3e  string.o [10]
  .text                  ro code   0x800'319e     0x6  locale.o [10]
  .text                  ro code   0x800'31a4     0x4  vector.o [10]
  .text                  ro code   0x800'31a8    0x2a  locale.o [10]
  .text                  ro code   0x800'31d2     0x4  nomemory.o [11]
  .text                  ro code   0x800'31d6     0xc  locale.o [10]
  .text                  ro code   0x800'31e4    0x2c  xgetmemchunk.o [9]
  .text                  ro code   0x800'3210    0x20  iar_newlocale.o [10]
  .text                  ro code   0x800'3230    0x20  iar_newlocale.o [10]
  .text                  ro code   0x800'3250     0xe  string.o [10]
  .text                  ro code   0x800'3260   0x824  tasks.o [6]
  .text                  ro code   0x800'3a84    0x98  list.o [6]
  .text                  ro code   0x800'3b1c   0x160  port.o [7]
  .text                  ro code   0x800'3c7c   0x394  timers.o [6]
  .text                  ro code   0x800'4010    0x24  port.o [7]
  CODE                   ro code   0x800'4034    0xa8  portasm.o [7]
  .text                  ro code   0x800'40dc   0x612  queue.o [6]
  .rodata                const     0x800'46f0   0x400  locale.o [10]
  .text                  ro code   0x800'4af0   0x200  locale.o [10]
  .text                  ro code   0x800'4cf0     0xc  locale.o [10]
  .text                  ro code   0x800'4cfc    0x18  locale.o [10]
  .text                  ro code   0x800'4d14     0xa  locale.o [10]
  .text                  ro code   0x800'4d1e     0xa  locale.o [10]
  .text                  ro code   0x800'4d28   0x194  main.o [1]
  .text                  ro code   0x800'4ebc    0x38  ADC.o [3]
  .text                  ro code   0x800'4ef4    0x44  Resistor.o [3]
  .text                  ro code   0x800'4f38    0x88  Temperature.o [2]
  .text                  ro code   0x800'4fc0    0x64  TemperatureTask.o [8]
  .text                  ro code   0x800'5024    0x18  main.o [1]
  .text                  ro code   0x800'503c    0x6a  Flowmeter.o [4]
  .text                  ro code   0x800'50a8    0x50  WaterConsumtion.o [2]
  .text                  ro code   0x800'50f8    0x5c  FlowTask.o [8]
  .text                  ro code   0x800'5154    0xa8  CurrentControler.o [2]
  .text                  ro code   0x800'51fc    0x38  PWM.o [5]
  .text                  ro code   0x800'5234    0x54  CurrentPowerRegulationTask.o [8]
  .text                  ro code   0x800'5288    0x14  main.o [1]
  .text                  ro code   0x800'529c    0x14  main.o [1]
  .text                  ro code   0x800'52b0    0x14  main.o [1]
  .text                  ro code   0x800'52c4    0x14  main.o [1]
  .text                  ro code   0x800'52d8    0x14  main.o [1]
  .text                  ro code   0x800'52ec    0x10  main.o [1]
  .text                  ro code   0x800'52fc    0x14  main.o [1]
  .text                  ro code   0x800'5310    0x14  main.o [1]
  .text                  ro code   0x800'5324    0x14  main.o [1]
  .text                  ro code   0x800'5338    0x14  main.o [1]
  .text                  ro code   0x800'534c    0x14  main.o [1]
  .text                  ro code   0x800'5360    0x14  main.o [1]
  .text                  ro code   0x800'5374    0x14  main.o [1]
  .text                  ro code   0x800'5388    0x14  main.o [1]
  .text                  ro code   0x800'539c    0x14  main.o [1]
  .text                  ro code   0x800'53b0    0x14  main.o [1]
  .text                  ro code   0x800'53c4    0x14  main.o [1]
  .text                  ro code   0x800'53d8    0x14  main.o [1]
  .text                  ro code   0x800'53ec    0x14  main.o [1]
  .text                  ro code   0x800'5400    0x10  main.o [1]
  .text                  ro code   0x800'5410    0x10  main.o [1]
  .text                  ro code   0x800'5420    0x14  main.o [1]
  .text                  ro code   0x800'5434     0xc  main.o [1]
  .text                  ro code   0x800'5440    0x10  main.o [1]
  .text                  ro code   0x800'5450     0xc  main.o [1]
  .text                  ro code   0x800'545c    0x14  main.o [1]
  .text                  ro code   0x800'5470     0xc  main.o [1]
  .text                  ro code   0x800'547c    0x14  main.o [1]
  .text                  ro code   0x800'5490    0x14  main.o [1]
  .text                  ro code   0x800'54a4    0x14  main.o [1]
  .text                  ro code   0x800'54b8    0x14  main.o [1]
  .text                  ro code   0x800'54cc     0xc  main.o [1]
  .text                  ro code   0x800'54d8     0xc  CurrentPowerRegulationTask.o [8]
  .text                  ro code   0x800'54e4    0x14  main.o [1]
  .text                  ro code   0x800'54f8    0x14  main.o [1]
  .text                  ro code   0x800'550c    0x24  main.o [1]
  .text                  ro code   0x800'5530    0x24  main.o [1]
  .text                  ro code   0x800'5554    0x24  main.o [1]
  .text                  ro code   0x800'5578     0x8  main.o [1]
  .text                  ro code   0x800'5580    0x24  ABIassert.o [14]
  .text                  ro code   0x800'55a4     0x8  ADC.o [3]
  .text                  ro code   0x800'55ac    0x24  ADC.o [3]
  .text                  ro code   0x800'55d0     0x8  Flowmeter.o [4]
  .text                  ro code   0x800'55d8     0x8  CurrentPowerRegulationTask.o [8]
  .text                  ro code   0x800'55e0    0x10  TemperatureTask.o [8]
  .text                  ro code   0x800'55f0    0x9c  ios.instantiations.o [10]
  .text                  ro code   0x800'568c     0x6  FlowTask.o [8]
  .text                  ro code   0x800'5692    0x1a  CurrentPowerRegulationTask.o [8]
  .text                  ro code   0x800'56ac     0x8  FlowTask.o [8]
  .text                  ro code   0x800'56b4     0x2  main.o [1]
  .text                  ro code   0x800'56b8    0x2c  main.o [1]
  .text                  ro code   0x800'56e4     0x2  main.o [1]
  .text                  ro code   0x800'56e8    0x2c  main.o [1]
  .text                  ro code   0x800'5714    0x2c  main.o [1]
  .text                  ro code   0x800'5740     0x8  main.o [1]
  .text                  ro code   0x800'5748     0x2  ADC.o [3]
  .text                  ro code   0x800'574a     0xc  ADC.o [3]
  .text                  ro code   0x800'5758     0xc  ADC.o [3]
  .text                  ro code   0x800'5764     0xc  ADC.o [3]
  .text                  ro code   0x800'5770     0xc  ADC.o [3]
  .text                  ro code   0x800'577c    0x1c  ADC.o [3]
  .text                  ro code   0x800'5798     0x2  Flowmeter.o [4]
  .text                  ro code   0x800'579a     0xe  CurrentPowerRegulationTask.o [8]
  .text                  ro code   0x800'57a8    0x42  ios.instantiations.o [10]
  .text                  ro code   0x800'57ec    0xb4  ios.o [10]
  .text                  ro code   0x800'58a0    0x1a  ios.instantiations.o [10]
  .text                  ro code   0x800'58bc    0x48  FltToDbl.o [12]
  .text                  ro code   0x800'5904     0xc  locale.o [10]
  .text                  ro code   0x800'5910    0x94  ios.instantiations.o [10]
  .text                  ro code   0x800'59a4     0xc  CurrentPowerRegulationTask.o [8]
  .text                  ro code   0x800'59b0     0x4  CurrentPowerRegulationTask.o [8]
  .text                  ro code   0x800'59b4     0x8  CurrentPowerRegulationTask.o [8]
  .text                  ro code   0x800'59bc     0xe  FlowTask.o [8]
  .text                  ro code   0x800'59cc    0x10  ADC.o [3]
  .text                  ro code   0x800'59dc    0x10  ADC.o [3]
  .text                  ro code   0x800'59ec     0x8  CurrentPowerRegulationTask.o [8]
  .text                  ro code   0x800'59f4    0x54  ios.instantiations.o [10]
  .text                  ro code   0x800'5a48    0x28  FlowTask.o [8]
  .text                  ro code   0x800'5a70     0x4  arm_exceptions_uncaught_c.o [13]
  .text                  ro code   0x800'5a74    0x20  CurrentPowerRegulationTask.o [8]
  .text                  ro code   0x800'5a94     0xa  CurrentPowerRegulationTask.o [8]
  .text                  ro code   0x800'5aa0    0x10  FlowTask.o [8]
  .text                  ro code   0x800'5ab0     0xc  FlowTask.o [8]
  .text                  ro code   0x800'5abc     0x6  CurrentPowerRegulationTask.o [8]
  .text                  ro code   0x800'5ac2     0x6  CurrentPowerRegulationTask.o [8]
  .text                  ro code   0x800'5ac8   0x158  locale.o [10]
  .text                  ro code   0x800'5c20    0x14  locale.o [10]
  .text                  ro code   0x800'5c34    0x92  locale.o [10]
  .text                  ro code   0x800'5cc6     0xa  locale.o [10]
  .text                  ro code   0x800'5cd0    0x50  locale.o [10]
  .text                  ro code   0x800'5d20    0x66  ABImemset.o [13]
  .text                  ro code   0x800'5d86    0xd8  xfspos.o [9]
  .text                  ro code   0x800'5e60    0xac  fflush.o [9]
  .text                  ro code   0x800'5f0c     0xc  xfgpos.o [9]
  .text                  ro code   0x800'5f18    0x4e  lseek.o [14]
  .text                  ro code   0x800'5f66    0x10  write.o [14]
  .text                  ro code   0x800'5f78    0xcc  XShHandles.o [9]
  .text                  ro code   0x800'6044    0x1e  dwrite.o [14]
  .text                  ro code   0x800'6062    0x20  iarwstd.o [14]
  .text                  ro code   0x800'6082    0x22  iarwrite.o [14]
  .text                  ro code   0x800'60a4    0xb8  fwrite.o [9]
  .text                  ro code   0x800'615c    0xb4  xfwprep.o [9]
  .text                  ro code   0x800'6210    0x24  fseek.o [9]
  .text                  ro code   0x800'6234    0xae  iostream_cout.o [10]
  .text                  ro code   0x800'62e4    0xa0  cppinit.o [9]
  .text                  ro code   0x800'6384    0x98  iostream_cout.o [10]
  .text                  ro code   0x800'641c    0x44  iostream_cout.o [10]
  .text                  ro code   0x800'6460     0xa  cxxabi.o [11]
  .text                  ro code   0x800'646a     0x4  ios.instantiations.o [10]
  .text                  ro code   0x800'6470    0x24  ios.instantiations.o [10]
  .text                  ro code   0x800'6494    0x8c  xfofind.o [9]
  .text                  ro code   0x800'6520    0x7e  fclose.o [9]
  .text                  ro code   0x800'659e    0x18  close.o [14]
  .text                  ro code   0x800'65b6    0x14  remove.o [14]
  .text                  ro code   0x800'65ca    0x68  ios.instantiations.o [10]
  .text                  ro code   0x800'6632    0x20  ios.instantiations.o [10]
  .text                  ro code   0x800'6652    0x60  ios.instantiations.o [10]
  .rodata                const     0x800'66b4    0x54  locale.o [10]
  .rodata                const     0x800'6708    0x54  locale.o [10]
  .text                  ro code   0x800'675c    0x54  fputc.o [9]
  .rodata                const     0x800'67b0    0x48  xlocale_c.o [9]
  .text                  ro code   0x800'67f8    0x48  iostream_cout.o [10]
  .rodata                const     0x800'6840    0x44  locale.o [10]
  .text                  ro code   0x800'6884    0x44  iar_newlocale.o [10]
  .rodata                const     0x800'68c8    0x40  locale.o [10]
  .rodata                const     0x800'6908    0x40  locale.o [10]
  .rodata                const     0x800'6948    0x40  ios.instantiations.o [10]
  .rodata                const     0x800'6988    0x40  iostream_cout.o [10]
  .text                  ro code   0x800'69c8    0x40  iostream_cout.o [10]
  .text                  ro code   0x800'6a08    0x40  xcloseall.o [9]
  .rodata                const     0x800'6a48    0x38  locale.o [10]
  .rodata                const     0x800'6a80    0x38  locale.o [10]
  .rodata                const     0x800'6ab8    0x38  locale.o [10]
  .rodata                const     0x800'6af0    0x38  locale.o [10]
  .rodata                const     0x800'6b28    0x38  xlocale_c.o [9]
  .text                  ro code   0x800'6b60    0x38  zero_init3.o [13]
  .rodata                const     0x800'6b98    0x34  locale.o [10]
  .rodata                const     0x800'6bcc    0x34  locale.o [10]
  .rodata                const     0x800'6c00    0x34  locale.o [10]
  .rodata                const     0x800'6c34    0x30  main.o [1]
  .rodata                const     0x800'6c64    0x30  locale.o [10]
  .rodata                const     0x800'6c94    0x30  locale.o [10]
  .rodata                const     0x800'6cc4    0x30  locale.o [10]
  .rodata                const     0x800'6cf4    0x30  locale.o [10]
  .text                  ro code   0x800'6d24    0x2e  FlowTask.o [8]
  .rodata                const     0x800'6d54    0x28  locale.o [10]
  .rodata                const     0x800'6d7c    0x28  locale.o [10]
  .rodata                const     0x800'6da4    0x28  ios.instantiations.o [10]
  .text                  ro code   0x800'6dcc    0x28  data_init.o [13]
  .text                  ro code   0x800'6df4    0x26  iar_newlocale.o [10]
  .rodata                const     0x800'6e1c    0x24  locale.o [10]
  .rodata                const     0x800'6e40    0x24  locale.o [10]
  .text                  ro code   0x800'6e64    0x24  StartUp.o [1]
  .text                  ro code   0x800'6e88    0x10  StartUp.o [1]
  .text                  ro code   0x800'6e98    0x10  StartUp.o [1]
  .text                  ro code   0x800'6ea8     0x8  StartUp.o [1]
  .text                  ro code   0x800'6eb0    0x22  fpinit_M.o [12]
  .iar.init_table        const     0x800'6ed4    0x24  - Linker created -
  .rodata                const     0x800'6ef8    0x20  locale.o [10]
  .rodata                const     0x800'6f18    0x20  locale.o [10]
  .rodata                const     0x800'6f38    0x20  locale.o [10]
  .rodata                const     0x800'6f58    0x20  locale.o [10]
  .text                  ro code   0x800'6f78    0x20  cmain_call_ctors.o [13]
  .text                  ro code   0x800'6f98    0x1e  locale.o [10]
  .text                  ro code   0x800'6fb6    0x1e  locale.o [10]
  .text                  ro code   0x800'6fd4    0x1e  cmain.o [13]
  .text                  ro code   0x800'6ff2     0x4  low_level_init.o [9]
  .text                  ro code   0x800'6ff6     0x4  exit.o [9]
  .text                  ro code   0x800'6ffc    0x12  cexit.o [13]
  .rodata                const     0x800'7010    0x1c  Flowmeter.o [4]
  .rodata                const     0x800'702c    0x1c  Temperature.o [2]
  .rodata                const     0x800'7048    0x1c  WaterConsumtion.o [2]
  .rodata                const     0x800'7064    0x1c  locale.o [10]
  .rodata                const     0x800'7080    0x1c  locale.o [10]
  .rodata                const     0x800'709c    0x1c  locale.o [10]
  .rodata                const     0x800'70b8    0x1c  locale.o [10]
  .text                  ro code   0x800'70d4    0x1c  locale.o [10]
  .rodata                const     0x800'70f0    0x18  locale.o [10]
  .rodata                const     0x800'7108    0x18  locale.o [10]
  .text                  ro code   0x800'7120    0x18  ios.instantiations.o [10]
  .rodata                const     0x800'7138    0x14  locale.o [10]
  .rodata                const     0x800'714c    0x14  locale.o [10]
  .text                  ro code   0x800'7160    0x14  main.o [1]
  .text                  ro code   0x800'7174     0x8  main.o [1]
  .text                  ro code   0x800'717c    0x14  locale.o [10]
  .text                  ro code   0x800'7190    0x14  locale.o [10]
  .text                  ro code   0x800'71a4    0x14  locale.o [10]
  .text                  ro code   0x800'71b8    0x14  locale.o [10]
  .text                  ro code   0x800'71cc    0x14  locale.o [10]
  .text                  ro code   0x800'71e0    0x14  locale.o [10]
  .text                  ro code   0x800'71f4    0x14  locale.o [10]
  .text                  ro code   0x800'7208    0x14  locale.o [10]
  .text                  ro code   0x800'721c    0x14  locale.o [10]
  .text                  ro code   0x800'7230    0x14  locale.o [10]
  .text                  ro code   0x800'7244    0x14  locale.o [10]
  .text                  ro code   0x800'7258    0x14  locale.o [10]
  .text                  ro code   0x800'726c    0x14  locale.o [10]
  .text                  ro code   0x800'7280    0x14  locale.o [10]
  .text                  ro code   0x800'7294    0x14  locale.o [10]
  .text                  ro code   0x800'72a8    0x14  locale.o [10]
  .text                  ro code   0x800'72bc    0x14  locale.o [10]
  .text                  ro code   0x800'72d0    0x14  locale.o [10]
  .text                  ro code   0x800'72e4    0x14  locale.o [10]
  .text                  ro code   0x800'72f8    0x14  locale.o [10]
  .rodata                const     0x800'730c    0x10  main.o [1]
  .rodata                const     0x800'731c    0x10  ios.o [10]
  .rodata                const     0x800'732c    0x10  ios.instantiations.o [10]
  .text                  ro code   0x800'733c    0x10  StartUp.o [1]
  .text                  ro code   0x800'734c     0xe  ios.instantiations.o [10]
  .text                  ro code   0x800'735a     0xe  iar_newlocale.o [10]
  .rodata                const     0x800'7368     0xc  ADC.o [3]
  .rodata                const     0x800'7374     0xc  CurrentControler.o [2]
  .rodata                const     0x800'7380     0xc  CurrentPowerRegulationTask.o [8]
  .rodata                const     0x800'738c     0xc  FlowTask.o [8]
  .rodata                const     0x800'7398     0xc  main.o [1]
  .rodata                const     0x800'73a4     0xc  main.o [1]
  .rodata                const     0x800'73b0     0xc  main.o [1]
  .rodata                const     0x800'73bc     0xc  PWM.o [5]
  .rodata                const     0x800'73c8     0xc  Resistor.o [3]
  .rodata                const     0x800'73d4     0xc  TemperatureTask.o [8]
  .text                  ro code   0x800'73e0     0xc  iostream_cout.o [10]
  SHT$$PREINIT_ARRAY               0x800'73ec     0x4  <Block>
    .preinit_array       const     0x800'73ec     0x4  iostream_cout.o [10]
  SHT$$INIT_ARRAY                  0x800'73f0     0x8  <Block>
    .init_array          const     0x800'73f0     0x4  main.o [1]
    .init_array          const     0x800'73f4     0x4  iar_newlocale.o [10]
  __iar_tls$$INIT_ARRAY            0x800'73f8     0x0  <Block>
  .rodata                const     0x800'73f8     0x8  CurrentPowerRegulationTask.o [8]
  .rodata                const     0x800'7400     0x8  FlowTask.o [8]
  .rodata                const     0x800'7408     0x8  main.o [1]
  .rodata                const     0x800'7410     0x8  tasks.o [6]
  .rodata                const     0x800'7418     0x8  TemperatureTask.o [8]
  .rodata                const     0x800'7420     0x8  timers.o [6]
  .rodata                const     0x800'7428     0x8  timers.o [6]
  .rodata                const     0x800'7430     0x8  locale.o [10]
  .rodata                const     0x800'7438     0x8  ios.instantiations.o [10]
  .text                  ro code   0x800'7440     0x8  main.o [1]
  .text                  ro code   0x800'7448     0x8  StartUp.o [1]
  .text                  ro code   0x800'7450     0x8  StartUp.o [1]
  .text                  ro code   0x800'7458     0x8  StartUp.o [1]
  .text                  ro code   0x800'7460     0x8  StartUp.o [1]
  .text                  ro code   0x800'7468     0x6  Temperature.o [2]
  .text                  ro code   0x800'746e     0x6  Temperature.o [2]
  .text                  ro code   0x800'7474     0x6  WaterConsumtion.o [2]
  .text                  ro code   0x800'747a     0x6  WaterConsumtion.o [2]
  .rodata                const     0x800'7480     0x4  port.o [7]
  .text                  ro code   0x800'7484     0x4  ios.instantiations.o [10]
  .text                  ro code   0x800'7488     0x0  cstart_call_dtors.o [13]
  .text                  ro code   0x800'7488     0x0  cstart_closeall.o [13]
  .rodata                const     0x800'7488     0x0  zero_init3.o [13]
  .rodata                const     0x800'7488     0x0  lz77_init_single.o [13]
  Initializer bytes      const     0x800'7488    0x7d  <for P2-1>
                                 - 0x800'7505  0x73e9

"P2", part 1 of 3:                              0x174
  P2-1                            0x2000'0000   0x174  <Init block>
    .data                inited   0x2000'0000     0x4  main.o [1]
    .data                inited   0x2000'0004     0x4  main.o [1]
    .data                inited   0x2000'0008     0x4  port.o [7]
    .data                inited   0x2000'000c    0x48  xfiles.o [9]
    .data                inited   0x2000'0054    0x48  xfiles.o [9]
    .data                inited   0x2000'009c    0x48  xfiles.o [9]
    .data                inited   0x2000'00e4    0x20  xfiles.o [9]
    .data                inited   0x2000'0104    0x38  xlocale_c.o [9]
    .data                inited   0x2000'013c    0x18  xlocale_c.o [9]
    .data                inited   0x2000'0154    0x18  xlocale_c.o [9]
    .data                inited   0x2000'016c     0x8  XShttio.o [9]
                                - 0x2000'0174   0x174

"P2", part 2 of 3:                             0x2f5c
  .bss                   zero     0x2000'0174  0x1060  main.o [1]
  .bss                   zero     0x2000'11d4   0x860  main.o [1]
  .bss                   zero     0x2000'1a34   0x860  main.o [1]
  .bss                   zero     0x2000'2294   0x400  tasks.o [6]
  .bss                   zero     0x2000'2694   0x200  tasks.o [6]
  .bss                   zero     0x2000'2898   0x178  locale.o [10]
  .bss                   zero     0x2000'2a10    0xb0  locale.o [10]
  .bss                   zero     0x2000'2ac0    0xa0  timers.o [6]
  .bss                   zero     0x2000'2b60    0x90  iostream_cout.o [10]
  .bss                   zero     0x2000'2bf0    0x80  XShHandles.o [9]
  .bss                   zero     0x2000'2c70    0x64  tasks.o [6]
  .bss                   zero     0x2000'2cd4    0x50  tasks.o [6]
  .bss                   zero     0x2000'2d24    0x50  tasks.o [6]
  .bss                   zero     0x2000'2d74    0x50  xfiles.o [9]
  .bss                   zero     0x2000'2dc4    0x50  xfiles.o [9]
  .bss                   zero     0x2000'2e14    0x48  timers.o [6]
  .bss                   zero     0x2000'2e5c    0x40  queue.o [6]
  .bss                   zero     0x2000'2e9c    0x1c  iar_newlocale.o [10]
  .bss                   zero     0x2000'2eb8    0x18  main.o [1]
  .bss                   zero     0x2000'2ed0    0x14  main.o [1]
  .bss                   zero     0x2000'2ee4    0x14  tasks.o [6]
  .bss                   zero     0x2000'2ef8    0x14  tasks.o [6]
  .bss                   zero     0x2000'2f0c    0x14  tasks.o [6]
  .bss                   zero     0x2000'2f20    0x14  tasks.o [6]
  .bss                   zero     0x2000'2f34    0x14  timers.o [6]
  .bss                   zero     0x2000'2f48    0x14  timers.o [6]
  .bss                   zero     0x2000'2f5c    0x10  main.o [1]
  .bss                   zero     0x2000'2f6c    0x10  main.o [1]
  .bss                   zero     0x2000'2f7c     0xc  locale.o [10]
  .bss                   zero     0x2000'2f88     0x8  main.o [1]
  .bss                   zero     0x2000'2f90     0x8  main.o [1]
  .bss                   zero     0x2000'2f98     0x8  main.o [1]
  .bss                   zero     0x2000'2fa0     0x8  main.o [1]
  .bss                   zero     0x2000'2fa8     0x8  locale.o [10]
  .bss                   zero     0x2000'2fb0     0x8  locale.o [10]
  .bss                   zero     0x2000'2fb8     0x8  locale.o [10]
  .bss                   zero     0x2000'2fc0     0x8  locale.o [10]
  .bss                   zero     0x2000'2fc8     0x8  locale.o [10]
  .bss                   zero     0x2000'2fd0     0x8  locale.o [10]
  .bss                   zero     0x2000'2fd8     0x8  locale.o [10]
  .bss                   zero     0x2000'2fe0     0x8  locale.o [10]
  .bss                   zero     0x2000'2fe8     0x8  locale.o [10]
  .bss                   zero     0x2000'2ff0     0x8  locale.o [10]
  .bss                   zero     0x2000'2ff8     0x8  locale.o [10]
  .bss                   zero     0x2000'3000     0x8  locale.o [10]
  .bss                   zero     0x2000'3008     0x8  locale.o [10]
  .bss                   zero     0x2000'3010     0x8  locale.o [10]
  .bss                   zero     0x2000'3018     0x8  locale.o [10]
  .bss                   zero     0x2000'3020     0x8  locale.o [10]
  .bss                   zero     0x2000'3028     0x8  locale.o [10]
  .bss                   zero     0x2000'3030     0x8  locale.o [10]
  .bss                   zero     0x2000'3038     0x8  locale.o [10]
  .bss                   zero     0x2000'3040     0x8  locale.o [10]
  .bss                   zero     0x2000'3048     0x8  locale.o [10]
  .bss                   zero     0x2000'3050     0x8  heap0.o [9]
  .bss                   zero     0x2000'3058     0x4  main.o [1]
  .bss                   zero     0x2000'305c     0x4  port.o [7]
  .bss                   zero     0x2000'3060     0x4  StartUp.o [1]
  .bss                   zero     0x2000'3064     0x4  tasks.o [6]
  .bss                   zero     0x2000'3068     0x4  tasks.o [6]
  .bss                   zero     0x2000'306c     0x4  tasks.o [6]
  .bss                   zero     0x2000'3070     0x4  tasks.o [6]
  .bss                   zero     0x2000'3074     0x4  tasks.o [6]
  .bss                   zero     0x2000'3078     0x4  tasks.o [6]
  .bss                   zero     0x2000'307c     0x4  tasks.o [6]
  .bss                   zero     0x2000'3080     0x4  tasks.o [6]
  .bss                   zero     0x2000'3084     0x4  tasks.o [6]
  .bss                   zero     0x2000'3088     0x4  tasks.o [6]
  .bss                   zero     0x2000'308c     0x4  tasks.o [6]
  .bss                   zero     0x2000'3090     0x4  tasks.o [6]
  .bss                   zero     0x2000'3094     0x4  tasks.o [6]
  .bss                   zero     0x2000'3098     0x4  tasks.o [6]
  .bss                   zero     0x2000'309c     0x4  timers.o [6]
  .bss                   zero     0x2000'30a0     0x4  timers.o [6]
  .bss                   zero     0x2000'30a4     0x4  timers.o [6]
  .bss                   zero     0x2000'30a8     0x4  timers.o [6]
  .bss                   zero     0x2000'30ac     0x4  timers.o [6]
  .bss                   zero     0x2000'30b0     0x4  locale.o [10]
  .bss                   zero     0x2000'30b4     0x4  cppinit.o [9]
  .bss                   zero     0x2000'30b8     0x4  cppinit.o [9]
  .bss                   zero     0x2000'30bc     0x4  new.o [11]
  .bss                   zero     0x2000'30c0     0x4  xgetmemchunk.o [9]
  .bss                   zero     0x2000'30c4     0x4  xfail_s.o [9]
  .tbss                  zero     0x2000'30c8     0x4  errno.o [9]
  .bss                   zero     0x2000'30cc     0x1  port.o [7]
                                - 0x2000'30cd  0x2f59

"P2", part 3 of 3:                             0x41c0
  .iar.dynexit                    0x2000'30d0   0x1bc  <Block>
    .iar.dynexit         uninit   0x2000'30d0     0xc  cppinit.o [9]
    .iar.dynexit         uninit   0x2000'30dc   0x1b0  <Block tail>
  CSTACK                          0x2000'3290  0x2000  <Block>
    CSTACK               uninit   0x2000'3290  0x2000  <Block tail>
  HEAP                            0x2000'5290  0x2000  <Block>
    HEAP                 uninit   0x2000'5290  0x2000  <Block tail>
                                - 0x2000'7290  0x41c0

Unused ranges:

         From           To      Size
         ----           --      ----
   0x800'7505   0x807'ffff  0x7'8afb
  0x2000'7290  0x2001'ffff  0x1'8d70


*******************************************************************************
*** INIT TABLE
***

          Address      Size
          -------      ----
Zero (__iar_zero_init3)
    1 destination range, total size 0x2f59:
          0x2000'0174  0x2f59

Copy/lz77 (__iar_lz77_init_single3)
    1 source range, total size 0x7d (33% of destination):
           0x800'7488    0x7d
    1 destination range, total size 0x174:
          0x2000'0000   0x174

Extra (__iar_cstart_call_ctors)



*******************************************************************************
*** MODULE SUMMARY
***

    Module                        ro code  ro data  rw data
    ------                        -------  -------  -------
command line/config:
    -------------------------------------------------------
    Total:

R:\POIP\POIP\POIP2\Kurs\POIP_Kersovow\Debug\Obj: [1]
    StartUp.o                         126      284        4
    main.o                          1'366      114    8'600
    -------------------------------------------------------
    Total:                          1'492      398    8'604

R:\POIP\POIP\POIP2\Kurs\POIP_Kersovow\Debug\Obj\Applications\Parameters: [2]
    CurrentControler.o                168       12
    Temperature.o                     148       28
    WaterConsumtion.o                  92       28
    -------------------------------------------------------
    Total:                            408       68

R:\POIP\POIP\POIP2\Kurs\POIP_Kersovow\Debug\Obj\Hardware\ADC: [3]
    ADC.o                             210       12
    Resistor.o                         68       12
    -------------------------------------------------------
    Total:                            278       24

R:\POIP\POIP\POIP2\Kurs\POIP_Kersovow\Debug\Obj\Hardware\Flowmeter: [4]
    Flowmeter.o                       116       28
    -------------------------------------------------------
    Total:                            116       28

R:\POIP\POIP\POIP2\Kurs\POIP_Kersovow\Debug\Obj\Hardware\PWM: [5]
    PWM.o                              56       12
    -------------------------------------------------------
    Total:                             56       12

R:\POIP\POIP\POIP2\Kurs\POIP_Kersovow\Debug\Obj\Rtos\FreeRtos: [6]
    list.o                            152
    queue.o                         1'554                64
    tasks.o                         2'084        8    1'932
    timers.o                          916       16      292
    -------------------------------------------------------
    Total:                          4'706       24    2'288

R:\POIP\POIP\POIP2\Kurs\POIP_Kersovow\Debug\Obj\Rtos\FreeRtos\portable\IAR\ARM_CM4F: [7]
    port.o                            388        6        9
    portasm.o                         168
    -------------------------------------------------------
    Total:                            556        6        9

R:\POIP\POIP\POIP2\Kurs\POIP_Kersovow\Debug\Obj\Thread: [8]
    CurrentPowerRegulationTask.o      230       20
    FlowTask.o                        234       20
    TemperatureTask.o                 116       20
    -------------------------------------------------------
    Total:                            580       60

dl7M_tlf.a: [9]
    XShHandles.o                      204               128
    XShttio.o                           8        2        8
    abort.o                             6
    cppinit.o                         160                20
    errno.o                            36                 4
    exit.o                              4
    fclose.o                          126
    fflush.o                          172
    fputc.o                            84
    fseek.o                            36
    fwrite.o                          184
    heap0.o                           316                 8
    heaptramp0.o                        4
    low_level_init.o                    4
    tp_nothreads.o                      4
    vsnprint.o                         60
    xcloseall.o                        64
    xfail_s.o                          64                 4
    xfgpos.o                           12
    xfiles.o                                    83      408
    xfofind.o                         140
    xfspos.o                          216
    xfwprep.o                         180
    xgetmemchunk.o                     44                 4
    xlocale_c.o                        24      168      104
    xprintffull_nomb.o              3'754
    xsnprout.o                         26
    -------------------------------------------------------
    Total:                          5'932      253      688

dllibcpp7M_tls_fc.a: [10]
    iar_locale.o                      150
    iar_newlocale.o                   776        4       28
    ios.instantiations.o              800      128
    ios.o                             180       16
    iostream_cout.o                   542       68      144
    locale.o                        5'408    2'449      736
    memory.o                            2
    mutex.o                            24
    string.o                           80
    vector.o                            4
    -------------------------------------------------------
    Total:                          7'966    2'665      908

dlpprt7M_tl_fc.a: [11]
    cxxabi.o                           10
    delaop_0.o                          4
    delop4_0.o                          4
    delop_0.o                          10
    new.o                                                 4
    newop_0.o                          36
    nomemory.o                          4
    -------------------------------------------------------
    Total:                             68                 4

m7M_tls.a: [12]
    DblAddSub.o                       590
    DblCmpGe.o                         52
    DblCmpLe.o                         52
    DblDiv.o                          582
    DblMul.o                          426
    DblToS32.o                         54
    DblToU32.o                         34
    FltToDbl.o                         72
    S32ToDbl.o                         34
    U32ToDbl.o                         28
    fpinit_M.o                         34
    frexp.o                           112
    ldexp.o                           314
    -------------------------------------------------------
    Total:                          2'384

rt7M_tl.a: [13]
    ABImemcpy.o                       166
    ABImemset.o                       102
    I64DivMod.o                       628
    I64DivZer.o                         2
    arm_exceptions_uncaught_c.o         4
    cexit.o                            18
    cmain.o                            30
    cmain_call_ctors.o                 32
    cstart_call_dtors.o
    cstart_closeall.o
    data_init.o                        40
    lz77_init_single.o                126
    memchr.o                           88
    strchr.o                           22
    strlen.o                           54
    zero_init3.o                       56
    -------------------------------------------------------
    Total:                          1'368

shb_l.a: [14]
    ABIassert.o                        36
    close.o                            24
    dwrite.o                           30
    exit.o                             20
    iarttio.o                         124
    iarwrite.o                         34
    iarwstd.o                          32
    lseek.o                            78
    remove.o                           20
    unwind_debug.o                               1
    write.o                            16
    -------------------------------------------------------
    Total:                            414        1

    Gaps                               45       12        4
    Linker created                              37   16'816
-----------------------------------------------------------
    Grand Total:                   26'369    3'588   29'321


*******************************************************************************
*** ENTRY LIST
***

Entry                       Address    Size  Type      Object
-----                       -------    ----  ----      ------
.iar.dynexit$$Base      0x2000'30d0           --   Gb  - Linker created -
.iar.dynexit$$Limit     0x2000'328c           --   Gb  - Linker created -
.iar.init_table$$Base    0x800'6ed4           --   Gb  - Linker created -
.iar.init_table$$Limit   0x800'6ef8           --   Gb  - Linker created -
?main                    0x800'6fd5          Code  Gb  cmain.o [13]
ADC::ADC()               0x800'4ebd    0x16  Code  Gb  ADC.o [3]
ADC::GetData()           0x800'4ed3     0xa  Code  Gb  ADC.o [3]
ADC::Start()             0x800'4edd     0xe  Code  Gb  ADC.o [3]
Aldata                  0x2000'3050     0x8  Data  Lc  heap0.o [9]
CSTACK$$Base            0x2000'3290           --   Gb  - Linker created -
CSTACK$$Limit           0x2000'5290           --   Gb  - Linker created -
CurrentControler::CurrentControler(IDataSource &, IDataSource &)
                         0x800'5155    0x26  Code  Gb  CurrentControler.o [2]
CurrentControler::GetData()
                         0x800'51a9    0x3e  Code  Gb  CurrentControler.o [2]
CurrentControler::MovingAverage()
                         0x800'517b    0x2c  Code  Gb  CurrentControler.o [2]
CurrentPowerRegulationTask::CurrentPowerRegulationTask(IMeasureParameter &)
                         0x800'5235    0x18  Code  Gb  CurrentPowerRegulationTask.o [8]
CurrentPowerRegulationTask::Execute()
                         0x800'524d    0x32  Code  Gb  CurrentPowerRegulationTask.o [8]
DMA<tDmaConfig<Register<(unsigned int)1073898512, (unsigned int)32, ReadWriteMode, DMA2::DMA2S0CRBase, FieldValue<DMA2_S0CR_CHSEL_Values<DMA2::S0CR, (unsigned int)25, (unsigned int)3, ReadWriteMode, DMA2::DMA2S0CRBase>, DMA2::DMA2S0CRBase, (unsigned int)0, void>, FieldValue<DMA2_S0CR_CT_Values<DMA2::S0CR, (unsigned int)19, (unsigned int)1, ReadWriteMode, DMA2::DMA2S0CRBase>, DMA2::DMA2S0CRBase, (unsigned int)0, void>, FieldValue<DMA2_S0CR_DBM_Values<DMA2::S0CR, (unsigned int)18, (unsigned int)1, ReadWriteMode, DMA2::DMA2S0CRBase>, DMA2::DMA2S0CRBase, (unsigned int)0, void>, FieldValue<DMA2_S0CR_MSIZE_Values<DMA2::S0CR, (unsigned int)13, (unsigned int)2, ReadWriteMode, DMA2::DMA2S0CRBase>, DMA2::DMA2S0CRBase, (unsigned int)2, void>, FieldValue<DMA2_S0CR_PSIZE_Values<DMA2::S0CR, (unsigned int)11, (unsigned int)2, ReadWriteMode, DMA2::DMA2S0CRBase>, DMA2::DMA2S0CRBase, (unsigned int)2, void>, FieldValue<DMA2_S0CR_CIRC_Values<DMA2::S0CR, (unsigned int)8, (unsigned int)1, ReadWriteMode, DMA2::DMA2S0CRBase>, DMA2::DMA2S0CRBase, (unsigned int)1, void>, FieldValue<DMA2_S0CR_DIR_Values<DMA2::S0CR, (unsigned int)6, (unsigned int)2, ReadWriteMode, DMA2::DMA2S0CRBase>, DMA2::DMA2S0CRBase, (unsigned int)0, void>, FieldValue<DMA2_S0CR_PFCTRL_Values<DMA2::S0CR, (unsigned int)5, (unsigned int)1, ReadWriteMode, DMA2::DMA2S0CRBase>, DMA2::DMA2S0CRBase, (unsigned int)0, void>, FieldValue<DMA2_S0CR_EN_Values<DMA2::S0CR, (unsigned int)0, (unsigned int)1, ReadWriteMode, DMA2::DMA2S0CRBase>, DMA2::DMA2S0CRBase, (unsigned int)1, void>>, DMA2::S0M0AR, DMA2::S0PAR, DMA2::S0NDTR, FieldValue<DMA2_S0CR_EN_Values<DMA2::S0CR, (unsigned int)0, (unsigned int)1, ReadWriteMode, DMA2::DMA2S0CRBase>, DMA2::DMA2S0CRBase, (unsigned int)0, void>, FieldValue<DMA2_S0CR_CIRC_Values<DMA2::S0CR, (unsigned int)8, (unsigned int)1, ReadWriteMode, DMA2::DMA2S0CRBase>, DMA2::DMA2S0CRBase, (unsigned int)0, void>>>::ConfigureADC(unsigned int, unsigned int, unsigned int)
                         0x800'55ad    0x24  Code  Wk  ADC.o [3]
DMA<tDmaConfig<Register<(unsigned int)1073898512, (unsigned int)32, ReadWriteMode, DMA2::DMA2S0CRBase, FieldValue<DMA2_S0CR_CHSEL_Values<DMA2::S0CR, (unsigned int)25, (unsigned int)3, ReadWriteMode, DMA2::DMA2S0CRBase>, DMA2::DMA2S0CRBase, (unsigned int)0, void>, FieldValue<DMA2_S0CR_CT_Values<DMA2::S0CR, (unsigned int)19, (unsigned int)1, ReadWriteMode, DMA2::DMA2S0CRBase>, DMA2::DMA2S0CRBase, (unsigned int)0, void>, FieldValue<DMA2_S0CR_DBM_Values<DMA2::S0CR, (unsigned int)18, (unsigned int)1, ReadWriteMode, DMA2::DMA2S0CRBase>, DMA2::DMA2S0CRBase, (unsigned int)0, void>, FieldValue<DMA2_S0CR_MSIZE_Values<DMA2::S0CR, (unsigned int)13, (unsigned int)2, ReadWriteMode, DMA2::DMA2S0CRBase>, DMA2::DMA2S0CRBase, (unsigned int)2, void>, FieldValue<DMA2_S0CR_PSIZE_Values<DMA2::S0CR, (unsigned int)11, (unsigned int)2, ReadWriteMode, DMA2::DMA2S0CRBase>, DMA2::DMA2S0CRBase, (unsigned int)2, void>, FieldValue<DMA2_S0CR_CIRC_Values<DMA2::S0CR, (unsigned int)8, (unsigned int)1, ReadWriteMode, DMA2::DMA2S0CRBase>, DMA2::DMA2S0CRBase, (unsigned int)1, void>, FieldValue<DMA2_S0CR_DIR_Values<DMA2::S0CR, (unsigned int)6, (unsigned int)2, ReadWriteMode, DMA2::DMA2S0CRBase>, DMA2::DMA2S0CRBase, (unsigned int)0, void>, FieldValue<DMA2_S0CR_PFCTRL_Values<DMA2::S0CR, (unsigned int)5, (unsigned int)1, ReadWriteMode, DMA2::DMA2S0CRBase>, DMA2::DMA2S0CRBase, (unsigned int)0, void>, FieldValue<DMA2_S0CR_EN_Values<DMA2::S0CR, (unsigned int)0, (unsigned int)1, ReadWriteMode, DMA2::DMA2S0CRBase>, DMA2::DMA2S0CRBase, (unsigned int)1, void>>, DMA2::S0M0AR, DMA2::S0PAR, DMA2::S0NDTR, FieldValue<DMA2_S0CR_EN_Values<DMA2::S0CR, (unsigned int)0, (unsigned int)1, ReadWriteMode, DMA2::DMA2S0CRBase>, DMA2::DMA2S0CRBase, (unsigned int)0, void>, FieldValue<DMA2_S0CR_CIRC_Values<DMA2::S0CR, (unsigned int)8, (unsigned int)1, ReadWriteMode, DMA2::DMA2S0CRBase>, DMA2::DMA2S0CRBase, (unsigned int)0, void>>>::Disable()
                         0x800'574b     0xc  Code  Wk  ADC.o [3]
DtorRecArray            0x2000'30d0     0xc  Data  Lc  cppinit.o [9]
FlowTask::Execute()      0x800'5113    0x32  Code  Gb  FlowTask.o [8]
FlowTask::FlowTask(IMeasureParameter &)
                         0x800'50f9    0x1a  Code  Gb  FlowTask.o [8]
Flowmeter::Calculate()   0x800'506b    0x36  Code  Gb  Flowmeter.o [4]
Flowmeter::Flowmeter(IDataSource &)
                         0x800'503d    0x28  Code  Gb  Flowmeter.o [4]
Flowmeter::GetData()     0x800'50a1     0x6  Code  Gb  Flowmeter.o [4]
HEAP$$Base              0x2000'5290           --   Gb  - Linker created -
HEAP$$Limit             0x2000'7290           --   Gb  - Linker created -
IDataSource::IDataSource()
                         0x800'5749     0x2  Code  Wk  ADC.o [3]
IDataSource::IDataSource() [subobject]
                         0x800'55a5     0x8  Code  Wk  ADC.o [3]
IMeasureParameter::IMeasureParameter()
                         0x800'5799     0x2  Code  Wk  Flowmeter.o [4]
IMeasureParameter::IMeasureParameter() [subobject]
                         0x800'55d1     0x8  Code  Wk  Flowmeter.o [4]
InterruptHandler::DummyHandler()
                         0x800'1467     0x2  Code  Wk  StartUp.o [1]
InterruptHandler::TIM3InterruptHandler()
                         0x800'6e65    0x24  Code  Wk  StartUp.o [1]
OneMillisecondRation    0x2000'0004     0x4  Data  Gb  main.o [1]
OsWrapper::IThread::IThread()
                         0x800'5a95     0xa  Code  Wk  CurrentPowerRegulationTask.o [8]
OsWrapper::IThread::IThread() [subobject]
                         0x800'59ed     0x8  Code  Wk  CurrentPowerRegulationTask.o [8]
OsWrapper::IThread::Run()
                         0x800'7161    0x14  Code  Wk  main.o [1]
OsWrapper::IThread::Sleep(std::chrono::duration<long long, std::ratio<(long long)1, (long long)1000>>)
                         0x800'5693    0x1a  Code  Wk  CurrentPowerRegulationTask.o [8]
OsWrapper::Rtos::HandleSvcInterrupt()
                         0x800'7459     0x8  Code  Wk  StartUp.o [1]
OsWrapper::Rtos::HandleSysTickInterrupt()
                         0x800'7461     0x8  Code  Wk  StartUp.o [1]
OsWrapper::Rtos::Run(void *)
                         0x800'7441     0x8  Code  Wk  main.o [1]
OsWrapper::Rtos::Start()
                         0x800'5579     0x8  Code  Wk  main.o [1]
OsWrapper::RtosWrapper::wGetTicks()
                         0x800'7175     0x8  Code  Wk  main.o [1]
OsWrapper::RtosWrapper::wHandleSvcInterrupt()
                         0x800'7449     0x8  Code  Wk  StartUp.o [1]
OsWrapper::RtosWrapper::wHandleSysTickInterrupt()
                         0x800'7451     0x8  Code  Wk  StartUp.o [1]
OsWrapper::RtosWrapper::wSleep(unsigned int)
                         0x800'59b5     0x8  Code  Wk  CurrentPowerRegulationTask.o [8]
OsWrapper::RtosWrapper::wStart()
                         0x800'5741     0x8  Code  Wk  main.o [1]
OsWrapper::Thread<(unsigned int)1024>::Thread()
                         0x800'59bd     0xe  Code  Wk  FlowTask.o [8]
OsWrapper::Thread<(unsigned int)1024>::Thread() [subobject]
                         0x800'56ad     0x8  Code  Wk  FlowTask.o [8]
OsWrapper::Thread<(unsigned int)512>::Thread()
                         0x800'579b     0xe  Code  Wk  CurrentPowerRegulationTask.o [8]
OsWrapper::Thread<(unsigned int)512>::Thread() [subobject]
                         0x800'55d9     0x8  Code  Wk  CurrentPowerRegulationTask.o [8]
PWM::Calculate()         0x800'5215    0x18  Code  Gb  PWM.o [5]
PWM::PWM(IDataSource &)
                         0x800'51fd    0x16  Code  Gb  PWM.o [5]
Region$$Table$$Base      0x800'6ed4           --   Gb  - Linker created -
Region$$Table$$Limit     0x800'6ef8           --   Gb  - Linker created -
Resistor::GetData()      0x800'4f0d    0x20  Code  Gb  Resistor.o [3]
Resistor::Resistor(IDataSource &)
                         0x800'4ef5    0x16  Code  Gb  Resistor.o [3]
SHT$$INIT_ARRAY$$Base    0x800'73f0           --   Gb  - Linker created -
SHT$$INIT_ARRAY$$Limit   0x800'73f8           --   Gb  - Linker created -
SHT$$PREINIT_ARRAY$$Base
                         0x800'73ec           --   Gb  - Linker created -
SHT$$PREINIT_ARRAY$$Limit
                         0x800'73f0           --   Gb  - Linker created -
SystemCoreClock         0x2000'0000     0x4  Data  Gb  main.o [1]
Temperature::Calculate()
                         0x800'4f5d    0x54  Code  Gb  Temperature.o [2]
Temperature::GetData()   0x800'7469     0x6  Code  Wk  Temperature.o [2]
Temperature::Temperature(IDataSource &)
                         0x800'4f39    0x24  Code  Gb  Temperature.o [2]
TemperatureTask::Execute()
                         0x800'4fd9    0x3a  Code  Gb  TemperatureTask.o [8]
TemperatureTask::TemperatureTask(IMeasureParameter &)
                         0x800'4fc1    0x18  Code  Gb  TemperatureTask.o [8]
Thunk for (offset -4) Flowmeter::Calculate()
                         0x800'5069     0x2  Code  Gb  Flowmeter.o [4]
Thunk for (offset -4) Temperature::GetData()
                         0x800'746f     0x6  Code  Wk  Temperature.o [2]
Thunk for (offset -4) WaterConsumtion::GetData()
                         0x800'747b     0x6  Code  Wk  WaterConsumtion.o [2]
Timer3Prescaller        0x2000'3058     0x4  Data  Gb  main.o [1]
TimerCCR::GetData()      0x800'10eb     0xa  Code  Wk  main.o [1]
TimerCCR::InterruptProcessing()
                         0x800'6ea9     0x8  Code  Wk  StartUp.o [1]
TimerCCR::TimerCCR()     0x800'5025    0x18  Code  Wk  main.o [1]
Virtual function table for ADC
                         0x800'7368     0xc  Data  Wk  ADC.o [3]
Virtual function table for CurrentControler
                         0x800'7374     0xc  Data  Wk  CurrentControler.o [2]
Virtual function table for CurrentPowerRegulationTask
                         0x800'7380     0xc  Data  Wk  CurrentPowerRegulationTask.o [8]
Virtual function table for FlowTask
                         0x800'738c     0xc  Data  Wk  FlowTask.o [8]
Virtual function table for Flowmeter
                         0x800'7010    0x1c  Data  Wk  Flowmeter.o [4]
Virtual function table for PWM
                         0x800'73bc     0xc  Data  Wk  PWM.o [5]
Virtual function table for Resistor
                         0x800'73c8     0xc  Data  Wk  Resistor.o [3]
Virtual function table for Temperature
                         0x800'702c    0x1c  Data  Wk  Temperature.o [2]
Virtual function table for TemperatureTask
                         0x800'73d4     0xc  Data  Wk  TemperatureTask.o [8]
Virtual function table for TimerCCR
                         0x800'7398     0xc  Data  Wk  main.o [1]
Virtual function table for WaterConsumtion
                         0x800'7048    0x1c  Data  Wk  WaterConsumtion.o [2]
Virtual function table for std::__stdoutbuf<char>
                         0x800'6988    0x40  Data  Wk  iostream_cout.o [10]
Virtual function table for std::__time_get_c_storage<char>
                         0x800'6e1c    0x24  Data  Wk  locale.o [10]
Virtual function table for std::__time_get_c_storage<wchar_t>
                         0x800'6e40    0x24  Data  Wk  locale.o [10]
Virtual function table for std::codecvt<char, char, _Mbstatet>
                         0x800'6c64    0x30  Data  Wk  locale.o [10]
Virtual function table for std::codecvt<char16_t, char, _Mbstatet>
                         0x800'6cc4    0x30  Data  Wk  locale.o [10]
Virtual function table for std::codecvt<char32_t, char, _Mbstatet>
                         0x800'6cf4    0x30  Data  Wk  locale.o [10]
Virtual function table for std::codecvt<wchar_t, char, _Mbstatet>
                         0x800'6c94    0x30  Data  Wk  locale.o [10]
Virtual function table for std::collate<char>
                         0x800'6ef8    0x20  Data  Wk  locale.o [10]
Virtual function table for std::collate<wchar_t>
                         0x800'6f18    0x20  Data  Wk  locale.o [10]
Virtual function table for std::ctype<char>
                         0x800'6b98    0x34  Data  Wk  locale.o [10]
Virtual function table for std::ctype<wchar_t>
                         0x800'6840    0x44  Data  Wk  locale.o [10]
Virtual function table for std::ios
                         0x800'732c    0x10  Data  Wk  ios.instantiations.o [10]
Virtual function table for std::ios_base
                         0x800'731c    0x10  Data  Wk  ios.o [10]
Virtual function table for std::locale::__imp
                         0x800'714c    0x14  Data  Wk  locale.o [10]
Virtual function table for std::locale::facet
                         0x800'7138    0x14  Data  Wk  locale.o [10]
Virtual function table for std::messages<char>
                         0x800'6f38    0x20  Data  Wk  locale.o [10]
Virtual function table for std::messages<wchar_t>
                         0x800'6f58    0x20  Data  Wk  locale.o [10]
Virtual function table for std::money_get<char, std::istreambuf_iterator<char, std::char_traits<char>>>
                         0x800'7064    0x1c  Data  Wk  locale.o [10]
Virtual function table for std::money_get<wchar_t, std::istreambuf_iterator<wchar_t, std::char_traits<wchar_t>>>
                         0x800'7080    0x1c  Data  Wk  locale.o [10]
Virtual function table for std::money_put<char, std::ostreambuf_iterator<char, std::char_traits<char>>>
                         0x800'709c    0x1c  Data  Wk  locale.o [10]
Virtual function table for std::money_put<wchar_t, std::ostreambuf_iterator<wchar_t, std::char_traits<wchar_t>>>
                         0x800'70b8    0x1c  Data  Wk  locale.o [10]
Virtual function table for std::moneypunct<char, (bool)0>
                         0x800'6a48    0x38  Data  Wk  locale.o [10]
Virtual function table for std::moneypunct<char, (bool)1>
                         0x800'6a80    0x38  Data  Wk  locale.o [10]
Virtual function table for std::moneypunct<wchar_t, (bool)0>
                         0x800'6ab8    0x38  Data  Wk  locale.o [10]
Virtual function table for std::moneypunct<wchar_t, (bool)1>
                         0x800'6af0    0x38  Data  Wk  locale.o [10]
Virtual function table for std::num_get<char, std::istreambuf_iterator<char, std::char_traits<char>>>
                         0x800'68c8    0x40  Data  Wk  locale.o [10]
Virtual function table for std::num_get<wchar_t, std::istreambuf_iterator<wchar_t, std::char_traits<wchar_t>>>
                         0x800'6908    0x40  Data  Wk  locale.o [10]
Virtual function table for std::num_put<char, std::ostreambuf_iterator<char, std::char_traits<char>>>
                         0x800'6bcc    0x34  Data  Wk  locale.o [10]
Virtual function table for std::num_put<wchar_t, std::ostreambuf_iterator<wchar_t, std::char_traits<wchar_t>>>
                         0x800'6c00    0x34  Data  Wk  locale.o [10]
Virtual function table for std::numpunct<char>
                         0x800'6d54    0x28  Data  Wk  locale.o [10]
Virtual function table for std::numpunct<wchar_t>
                         0x800'6d7c    0x28  Data  Wk  locale.o [10]
Virtual function table for std::ostream
                         0x800'6da4    0x28  Data  Wk  ios.instantiations.o [10]
Virtual function table for std::streambuf
                         0x800'6948    0x40  Data  Wk  ios.instantiations.o [10]
Virtual function table for std::time_get<char, std::istreambuf_iterator<char, std::char_traits<char>>>
                         0x800'66b4    0x54  Data  Wk  locale.o [10]
Virtual function table for std::time_get<wchar_t, std::istreambuf_iterator<wchar_t, std::char_traits<wchar_t>>>
                         0x800'6708    0x54  Data  Wk  locale.o [10]
Virtual function table for std::time_put<char, std::ostreambuf_iterator<char, std::char_traits<char>>>
                         0x800'70f0    0x18  Data  Wk  locale.o [10]
Virtual function table for std::time_put<wchar_t, std::ostreambuf_iterator<wchar_t, std::char_traits<wchar_t>>>
                         0x800'7108    0x18  Data  Wk  locale.o [10]
Virtual table table for std::ostream
                         0x800'7438     0x8  Data  Wk  ios.instantiations.o [10]
WaterConsumtion::Calculate()
                         0x800'50cd    0x24  Code  Gb  WaterConsumtion.o [2]
WaterConsumtion::GetData()
                         0x800'7475     0x6  Code  Wk  WaterConsumtion.o [2]
WaterConsumtion::WaterConsumtion(IMeasureParameter &)
                         0x800'50a9    0x24  Code  Gb  WaterConsumtion.o [2]
[local to iar_newlocale_cpp]::std::sLast
                        0x2000'2eb4     0x4  Data  Lc  iar_newlocale.o [10]
[local to iar_newlocale_cpp]::std::sLastName
                        0x2000'2e9c     0xc  Data  Lc  iar_newlocale.o [10]
[local to iar_newlocale_cpp]::std::sRefCounts
                        0x2000'2ea8     0xc  Data  Lc  iar_newlocale.o [10]
[local to iostream_cout_cpp]::std::<unnamed>::__coutg
                        0x2000'2bb4     0x1  Data  Lc  iostream_cout.o [10]
[local to iostream_cout_cpp]::std::__cout
                        0x2000'2bc0    0x30  Data  Lc  iostream_cout.o [10]
[local to iostream_cout_cpp]::std::mb_cout
                        0x2000'2bb8     0x8  Data  Lc  iostream_cout.o [10]
_CProfile               0x2000'013c    0x18  Data  Lc  xlocale_c.o [9]
_Close_all               0x800'6a09    0x40  Code  Gb  xcloseall.o [9]
_Files                  0x2000'00e4    0x20  Data  Gb  xfiles.o [9]
_Fofree                  0x800'6495    0x86  Code  Gb  xfofind.o [9]
_Fspos                   0x800'5d87    0xd8  Code  Gb  xfspos.o [9]
_Fwprep                  0x800'615d    0xb4  Code  Gb  xfwprep.o [9]
_LC                      0x800'011d     0x6  Code  Lc  xprintffull_nomb.o [9]
_LitobFullNoMb           0x800'0de5   0x114  Code  Lc  xprintffull_nomb.o [9]
_LocaleC_lconv           0x800'6b28    0x38  Data  Lc  xlocale_c.o [9]
_Locale_Profile         0x2000'0154    0x18  Data  Lc  xlocale_c.o [9]
_Locale_lconv           0x2000'0104    0x38  Data  Lc  xlocale_c.o [9]
_Nnl                     0x800'5f0d     0xc  Code  Gb  xfgpos.o [9]
_PrintfFullNoMb          0x800'0123   0xc92  Code  Gb  xprintffull_nomb.o [9]
_PutcharsFullNoMb        0x800'0f51    0x2e  Code  Lc  xprintffull_nomb.o [9]
_SNProut                 0x800'105b    0x1a  Code  Gb  xsnprout.o [9]
__aeabi_assert           0x800'5581    0x24  Code  Gb  ABIassert.o [14]
__aeabi_atexit           0x800'6461     0xa  Code  Gb  cxxabi.o [11]
__aeabi_cdcmple          0x800'1269          Code  Gb  DblCmpLe.o [12]
__aeabi_cdrcmple         0x800'129d          Code  Gb  DblCmpGe.o [12]
__aeabi_d2iz             0x800'140d          Code  Gb  DblToS32.o [12]
__aeabi_d2uiz            0x800'1901          Code  Gb  DblToU32.o [12]
__aeabi_ddiv             0x800'16b9          Code  Gb  DblDiv.o [12]
__aeabi_dmul             0x800'1941          Code  Gb  DblMul.o [12]
__aeabi_dsub             0x800'15d5          Code  Gb  DblAddSub.o [12]
__aeabi_f2d              0x800'58bd          Code  Gb  FltToDbl.o [12]
__aeabi_i2d              0x800'1445          Code  Gb  S32ToDbl.o [12]
__aeabi_ldiv0            0x800'1da5          Code  Gb  I64DivZer.o [13]
__aeabi_ldivmod          0x800'1b05          Code  Gb  I64DivMod.o [13]
__aeabi_memcpy           0x800'114d          Code  Gb  ABImemcpy.o [13]
__aeabi_memcpy4          0x800'116d          Code  Gb  ABImemcpy.o [13]
__aeabi_memcpy8          0x800'116d          Code  Gb  ABImemcpy.o [13]
__aeabi_memset           0x800'5d21          Code  Gb  ABImemset.o [13]
__aeabi_ui2d             0x800'1925          Code  Gb  U32ToDbl.o [12]
__aeabi_uldivmod         0x800'1b49          Code  Gb  I64DivMod.o [13]
__basic_free             0x800'2f21    0x16  Code  Gb  heap0.o [9]
__basic_free_intern      0x800'2f37    0x74  Code  Lc  heap0.o [9]
__basic_malloc           0x800'2e75    0x18  Code  Gb  heap0.o [9]
__basic_malloc_intern    0x800'2e8d    0x94  Code  Lc  heap0.o [9]
__call_ctors             0x800'62e5    0x18  Code  Gb  cppinit.o [9]
__call_dtors             0x800'6333     0xc  Code  Gb  cppinit.o [9]
__call_dtors0            0x800'633f    0x36  Code  Gb  cppinit.o [9]
__cexit_call_dtors       0x800'6fff          Code  Gb  cexit.o [13]
__cexit_closeall         0x800'7003          Code  Gb  cexit.o [13]
__close                  0x800'659f    0x18  Code  Gb  close.o [14]
__cmain                  0x800'6fd5          Code  Gb  cmain.o [13]
__cstart_call_dtors      0x800'7488          Data  Gb  cstart_call_dtors.o [13]
__cstart_closeall        0x800'7488          Data  Gb  cstart_closeall.o [13]
__cxa_atexit             0x800'62fd    0x36  Code  Gb  cppinit.o [9]
__data_GetMemChunk       0x800'31e5    0x2c  Code  Gb  xgetmemchunk.o [9]
__data_GetMemChunk::start
                        0x2000'30c0     0x4  Data  Lc  xgetmemchunk.o [9]
__dso_handle            0x2000'30b8     0x4  Data  Gb  cppinit.o [9]
__dwrite                 0x800'6045    0x1e  Code  Gb  dwrite.o [14]
__exit                   0x800'1da9    0x14  Code  Gb  exit.o [14]
__iar_CProfile           0x800'1aed     0x4  Code  Gb  xlocale_c.o [9]
__iar_C_Locale           0x800'67b0    0x48  Data  Lc  xlocale_c.o [9]
__iar_Errno             0x2000'30c8     0x4  Tls   Gb  errno.o [9]
__iar_Fail_s             0x800'1075    0x1c  Code  Gb  xfail_s.o [9]
__iar_Memchr             0x800'10f5          Code  Gb  memchr.o [13]
__iar_Memset             0x800'5d21          Code  Gb  ABImemset.o [13]
__iar_Memset_word        0x800'5d29          Code  Gb  ABImemset.o [13]
__iar_Stderr            0x2000'009c    0x48  Data  Gb  xfiles.o [9]
__iar_Stdin             0x2000'000c    0x48  Data  Gb  xfiles.o [9]
__iar_Stdout            0x2000'0054    0x48  Data  Gb  xfiles.o [9]
__iar_Strchr             0x800'1045          Code  Gb  strchr.o [13]
__iar_close_ttio         0x800'1dc1    0x2c  Code  Gb  iarttio.o [14]
__iar_cstart_call_ctors
                         0x800'6f79    0x20  Code  Gb  cmain_call_ctors.o [13]
__iar_data_init3         0x800'6dcd    0x28  Code  Gb  data_init.o [13]
__iar_debug_exceptions   0x800'16b7     0x1  Data  Gb  unwind_debug.o [14]
__iar_errno_set          0x800'1d81     0xe  Code  Gb  errno.o [9]
__iar_errno_set_ERANGE   0x800'1d8f     0xc  Code  Gb  errno.o [9]
__iar_frexp              0x800'1205          Code  Gb  frexp.o [12]
__iar_frexpl             0x800'1205          Code  Gb  frexp.o [12]
__iar_get_ttio           0x800'1ded    0x4c  Code  Gb  iarttio.o [14]
__iar_global_Profile     0x800'1af1     0x4  Code  Gb  xlocale_c.o [9]
__iar_init_vfp           0x800'6eb1          Code  Gb  fpinit_M.o [12]
__iar_ldexp64            0x800'12d1          Code  Gb  ldexp.o [12]
__iar_lookup_ttioh       0x800'1e3d     0x8  Code  Gb  XShttio.o [9]
__iar_lz77_init_single3
                         0x800'0fc7    0x7e  Code  Gb  lz77_init_single.o [13]
__iar_nothread_read_tp   0x800'1dbd     0x4  Code  Gb  tp_nothreads.o [9]
__iar_program_start      0x800'733d    0x10  Code  Gb  StartUp.o [1]
__iar_scalbln64          0x800'12d1          Code  Gb  ldexp.o [12]
__iar_scalbn64           0x800'12d1          Code  Gb  ldexp.o [12]
__iar_sh_Discard         0x800'5f79    0x42  Code  Gb  XShHandles.o [9]
__iar_sh_Move            0x800'5fbb    0x46  Code  Gb  XShHandles.o [9]
__iar_sh_Pos             0x800'6001    0x40  Code  Gb  XShHandles.o [9]
__iar_sh_stdout          0x800'6063    0x20  Code  Gb  iarwstd.o [14]
__iar_sh_write           0x800'6083    0x22  Code  Gb  iarwrite.o [14]
__iar_softfp___iar_frexp64
                         0x800'11f9          Code  Gb  frexp.o [12]
__iar_softfp_frexp       0x800'11f9          Code  Gb  frexp.o [12]
__iar_softfp_frexpl      0x800'11f9          Code  Gb  frexp.o [12]
__iar_tls$$INIT_ARRAY$$Base
                         0x800'73f8           --   Gb  - Linker created -
__iar_tls$$INIT_ARRAY$$Limit
                         0x800'73f8           --   Gb  - Linker created -
__iar_ttio_handles      0x2000'016c     0x8  Data  Lc  XShttio.o [9]
__iar_zero_init3         0x800'6b61    0x38  Code  Gb  zero_init3.o [13]
__low_level_init         0x800'6ff3     0x4  Code  Gb  low_level_init.o [9]
__lseek                  0x800'5f19    0x4e  Code  Gb  lseek.o [14]
__no_uncaught_exception
                         0x800'5a71     0x4  Code  Gb  arm_exceptions_uncaught_c.o [13]
__sti__routine           0x800'4d29    0x70  Code  Lc  main.o [1]
__sti__routine           0x800'6385    0x68  Code  Lc  iostream_cout.o [10]
__sti__routine           0x800'6885    0x32  Code  Lc  iar_newlocale.o [10]
__vector_table           0x800'0000   0x11c  Data  Lc  StartUp.o [1]
__write                  0x800'5f67    0x10  Code  Gb  write.o [14]
_call_main               0x800'6fe1          Code  Gb  cmain.o [13]
_exit                    0x800'6ffd          Code  Gb  cexit.o [13]
abort                    0x800'1d79     0x6  Code  Gb  abort.o [9]
adc                     0x2000'2f88     0x8  Data  Gb  main.o [1]
asprintf_l               0x800'2bbf    0x4c  Code  Gb  iar_locale.o [10]
bool FieldValueBase<TIM3_SR_CC1IF_Values<TIM3::SR, (unsigned int)1, (unsigned int)1, ReadWriteMode, TIM3::TIM3SRBase>, TIM3::TIM3SRBase, (unsigned int)1>::IsSet<ReadWriteMode, void>()
                         0x800'6e89    0x10  Code  Wk  StartUp.o [1]
controler               0x2000'2eb8    0x18  Data  Gb  main.o [1]
currentPWM              0x2000'1a34   0x860  Data  Gb  main.o [1]
ebuf                    0x2000'2d74    0x50  Data  Lc  xfiles.o [9]
exit                     0x800'6ff7     0x4  Code  Gb  exit.o [9]
fclose                   0x800'6521    0x7e  Code  Gb  fclose.o [9]
fflush                   0x800'5ed5    0x34  Code  Gb  fflush.o [9]
fflushOne                0x800'5e61    0x74  Code  Lc  fflush.o [9]
flag                    0x2000'3060     0x4  Data  Wk  StartUp.o [1]
flow                    0x2000'2ed0    0x14  Data  Gb  main.o [1]
flowTask                0x2000'0174  0x1060  Data  Gb  main.o [1]
fputc                    0x800'675d    0x54  Code  Gb  fputc.o [9]
free                     0x800'2fb1     0x4  Code  Gb  heaptramp0.o [9]
freelocale               0x800'2c0d    0xa4  Code  Wk  iar_newlocale.o [10]
fseek                    0x800'6211    0x24  Code  Gb  fseek.o [9]
fwrite                   0x800'60a5    0xb8  Code  Gb  fwrite.o [9]
isdigit_l                0x800'2b79     0x2  Code  Gb  iar_locale.o [10]
isxdigit_l               0x800'2b85    0x16  Code  Gb  iar_locale.o [10]
ldexp                    0x800'12d1          Code  Gb  ldexp.o [12]
ldexpl                   0x800'12d1          Code  Gb  ldexp.o [12]
localeconv               0x800'1af5     0x4  Code  Gb  xlocale_c.o [9]
main                     0x800'4d99    0xd6  Code  Gb  main.o [1]
memchr                   0x800'10f5          Code  Gb  memchr.o [13]
next_abi_dtor_rec       0x2000'30b4     0x4  Data  Lc  cppinit.o [9]
obuf                    0x2000'2dc4    0x50  Data  Lc  xfiles.o [9]
operator delete (void *)
                         0x800'2ced     0xa  Code  Gb  delop_0.o [11]
operator delete (void *, unsigned int)
                         0x800'26c1     0x4  Code  Gb  delop4_0.o [11]
operator delete[] (void *)
                         0x800'2b5f     0x4  Code  Gb  delaop_0.o [11]
operator new (unsigned int)
                         0x800'2d45    0x24  Code  Gb  newop_0.o [11]
pcInterruptPriorityRegisters
                         0x800'7480     0x4  Data  Lc  port.o [7]
prvAddCurrentTaskToDelayedList
                         0x800'39ad    0x6e  Code  Lc  tasks.o [6]
prvAddNewTaskToReadyList
                         0x800'3329    0x9a  Code  Lc  tasks.o [6]
prvCheckForValidListAndQueue
                         0x800'3f93    0x4c  Code  Lc  timers.o [6]
prvCheckForValidListAndQueue{1}{2}{3}{4}::ucStaticTimerQueueStorage
                        0x2000'2ac0    0xa0  Data  Lc  timers.o [6]
prvCheckForValidListAndQueue{1}{2}{3}{4}::xStaticTimerQueue
                        0x2000'2e14    0x48  Data  Lc  timers.o [6]
prvCheckTasksWaitingTermination
                         0x800'3817     0x2  Code  Lc  tasks.o [6]
prvCopyDataFromQueue     0x800'45a5    0x2a  Code  Lc  queue.o [6]
prvCopyDataToQueue       0x800'451f    0x86  Code  Lc  queue.o [6]
prvGetNextExpireTime     0x800'3df1    0x26  Code  Lc  timers.o [6]
prvIdleTask              0x800'37c1     0x8  Code  Lc  tasks.o [6]
prvInitialiseNewQueue    0x800'4193    0x1c  Code  Lc  queue.o [6]
prvInitialiseNewTask     0x800'3297    0x92  Code  Lc  tasks.o [6]
prvInitialiseTaskLists   0x800'37c9    0x4e  Code  Lc  tasks.o [6]
prvInsertTimerInActiveList
                         0x800'3e3d    0x3e  Code  Lc  timers.o [6]
prvIsQueueEmpty          0x800'463d    0x1c  Code  Lc  queue.o [6]
prvIsQueueFull           0x800'4659    0x1e  Code  Lc  queue.o [6]
prvProcessExpiredTimer   0x800'3d23    0x46  Code  Lc  timers.o [6]
prvProcessReceivedCommands
                         0x800'3e7b    0xba  Code  Lc  timers.o [6]
prvProcessTimerOrBlockTask
                         0x800'3d81    0x70  Code  Lc  timers.o [6]
prvResetNextTaskUnblockTime
                         0x800'3819    0x28  Code  Lc  tasks.o [6]
prvSampleTimeNow         0x800'3e17    0x26  Code  Lc  timers.o [6]
prvSampleTimeNow::xLastTime
                        0x2000'30ac     0x4  Data  Lc  timers.o [6]
prvSwitchTimerLists      0x800'3f35    0x5e  Code  Lc  timers.o [6]
prvTaskExitError         0x800'3b45    0x10  Code  Lc  port.o [7]
prvTimerTask             0x800'3d6d    0x14  Code  Lc  timers.o [6]
prvUnlockQueue           0x800'45cf    0x6e  Code  Lc  queue.o [6]
pvTaskIncrementMutexHeldCount
                         0x800'3967    0x16  Code  Gb  tasks.o [6]
pwm                     0x2000'2fa0     0x8  Data  Gb  main.o [1]
pxCurrentTCB            0x2000'3064     0x4  Data  Gb  tasks.o [6]
pxCurrentTimerList      0x2000'309c     0x4  Data  Lc  timers.o [6]
pxDelayedTaskList       0x2000'3068     0x4  Data  Lc  tasks.o [6]
pxOverflowDelayedTaskList
                        0x2000'306c     0x4  Data  Lc  tasks.o [6]
pxOverflowTimerList     0x2000'30a0     0x4  Data  Lc  timers.o [6]
pxPortInitialiseStack    0x800'3b1d    0x28  Code  Gb  port.o [7]
pxReadyTasksLists       0x2000'2c70    0x64  Data  Lc  tasks.o [6]
remove                   0x800'65b7    0x14  Code  Gb  remove.o [14]
resistor                0x2000'2f90     0x8  Data  Gb  main.o [1]
sFileInfo               0x2000'2bf0    0x80  Data  Lc  XShHandles.o [9]
scalbln                  0x800'12d1          Code  Gb  ldexp.o [12]
scalblnl                 0x800'12d1          Code  Gb  ldexp.o [12]
scalbn                   0x800'12d1          Code  Gb  ldexp.o [12]
scalbnl                  0x800'12d1          Code  Gb  ldexp.o [12]
scale                    0x800'0ef9    0x46  Code  Lc  xprintffull_nomb.o [9]
sec_hand                0x2000'30c4     0x4  Data  Lc  xfail_s.o [9]
snprintf_l               0x800'2b9b    0x24  Code  Gb  iar_locale.o [10]
std::<unnamed>::__cout_guard::~__cout_guard()
                         0x800'63ed     0xe  Code  Lc  iostream_cout.o [10]
std::_GLOBAL__N__10_locale_cpp_3334805e::make<std::codecvt<char, char, mbstate_t>, unsigned int>(unsigned int)::buf
                        0x2000'2900     0x8  Data  Lc  locale.o [10]
std::_GLOBAL__N__10_locale_cpp_3334805e::make<std::codecvt<char16_t, char, mbstate_t>, unsigned int>(unsigned int)::buf
                        0x2000'2918     0x8  Data  Lc  locale.o [10]
std::_GLOBAL__N__10_locale_cpp_3334805e::make<std::codecvt<char32_t, char, mbstate_t>, unsigned int>(unsigned int)::buf
[...]
uxCriticalNesting       0x2000'0008     0x4  Data  Lc  port.o [7]
uxCurrentNumberOfTasks  0x2000'3070     0x4  Data  Lc  tasks.o [6]
uxListRemove             0x800'3af7    0x26  Code  Gb  list.o [6]
uxPendedTicks           0x2000'3080     0x4  Data  Lc  tasks.o [6]
uxSchedulerSuspended    0x2000'3098     0x4  Data  Lc  tasks.o [6]
uxTaskNumber            0x2000'308c     0x4  Data  Lc  tasks.o [6]
uxTopReadyPriority      0x2000'3078     0x4  Data  Lc  tasks.o [6]
vApplicationGetIdleTaskMemory
                         0x800'3a1b     0xe  Code  Gb  tasks.o [6]
vApplicationGetIdleTaskMemory::uxIdleTaskStack
                        0x2000'2694   0x200  Data  Lc  tasks.o [6]
vApplicationGetIdleTaskMemory::xIdleTaskTCB
                        0x2000'2cd4    0x50  Data  Lc  tasks.o [6]
vApplicationGetTimerTaskMemory
                         0x800'3a2d    0x10  Code  Gb  tasks.o [6]
vApplicationGetTimerTaskMemory::uxTimerTaskStack
                        0x2000'2294   0x400  Data  Lc  tasks.o [6]
vApplicationGetTimerTaskMemory::xTimerTaskTCB
                        0x2000'2d24    0x50  Data  Lc  tasks.o [6]
vListInitialise          0x800'3a85    0x1e  Code  Gb  list.o [6]
vListInitialiseItem      0x800'3aa3     0x6  Code  Gb  list.o [6]
vListInsert              0x800'3ac1    0x36  Code  Gb  list.o [6]
vListInsertEnd           0x800'3aa9    0x18  Code  Gb  list.o [6]
vPortEnableVFP           0x800'40c1          Code  Gb  portasm.o [7]
vPortEnterCritical       0x800'3bdd    0x22  Code  Gb  port.o [7]
vPortExitCritical        0x800'3bff    0x16  Code  Gb  port.o [7]
vPortSVCHandler          0x800'408d          Code  Gb  portasm.o [7]
vPortSetupTimerInterrupt
                         0x800'4011    0x24  Code  Wk  port.o [7]
vPortStartFirstTask      0x800'40a9          Code  Gb  portasm.o [7]
vPortValidateInterruptPriority
                         0x800'3c41    0x14  Code  Gb  port.o [7]
vQueueAddToRegistry      0x800'4677    0x24  Code  Gb  queue.o [6]
vQueueWaitForMessageRestricted
                         0x800'46a5    0x4a  Code  Gb  queue.o [6]
vTaskDelay               0x800'33c3    0x38  Code  Gb  tasks.o [6]
vTaskMissedYield         0x800'37b7     0xa  Code  Gb  tasks.o [6]
vTaskPlaceOnEventList    0x800'369f    0x1a  Code  Gb  tasks.o [6]
vTaskPlaceOnEventListRestricted
                         0x800'36b9    0x24  Code  Gb  tasks.o [6]
vTaskPriorityInherit     0x800'385f    0x8a  Code  Gb  tasks.o [6]
vTaskSetTimeOutState     0x800'374b    0x12  Code  Gb  tasks.o [6]
vTaskStartScheduler      0x800'33fb    0x82  Code  Gb  tasks.o [6]
vTaskSuspendAll          0x800'347d     0xc  Code  Gb  tasks.o [6]
vTaskSwitchContext       0x800'3647    0x58  Code  Gb  tasks.o [6]
void FieldValueBase<ADC1_CR1_RES_Values<ADC1::CR1, (unsigned int)24, (unsigned int)2, ReadWriteMode, ADC1::ADC1CR1Base>, ADC1::ADC1CR1Base, (unsigned int)0>::Set<ReadWriteMode, void>()
                         0x800'52ed    0x10  Code  Wk  main.o [1]
void FieldValueBase<ADC1_CR1_SCAN_Values<ADC1::CR1, (unsigned int)8, (unsigned int)1, ReadWriteMode, ADC1::ADC1CR1Base>, ADC1::ADC1CR1Base, (unsigned int)1>::Set<ReadWriteMode, void>()
                         0x800'52fd    0x14  Code  Wk  main.o [1]
void FieldValueBase<ADC1_CR2_ADON_Values<ADC1::CR2, (unsigned int)0, (unsigned int)1, ReadWriteMode, ADC1::ADC1CR2Base>, ADC1::ADC1CR2Base, (unsigned int)1>::Set<ReadWriteMode, void>()
                         0x800'534d    0x14  Code  Wk  main.o [1]
void FieldValueBase<ADC1_CR2_CONT_Values<ADC1::CR2, (unsigned int)1, (unsigned int)1, ReadWriteMode, ADC1::ADC1CR2Base>, ADC1::ADC1CR2Base, (unsigned int)1>::Set<ReadWriteMode, void>()
                         0x800'5311    0x14  Code  Wk  main.o [1]
void FieldValueBase<ADC1_CR2_DDS_Values<ADC1::CR2, (unsigned int)9, (unsigned int)1, ReadWriteMode, ADC1::ADC1CR2Base>, ADC1::ADC1CR2Base, (unsigned int)1>::Set<ReadWriteMode, void>()
                         0x800'5339    0x14  Code  Wk  main.o [1]
void FieldValueBase<ADC1_CR2_DMA_Values<ADC1::CR2, (unsigned int)8, (unsigned int)1, ReadWriteMode, ADC1::ADC1CR2Base>, ADC1::ADC1CR2Base, (unsigned int)1>::Set<ReadWriteMode, void>()
                         0x800'5325    0x14  Code  Wk  main.o [1]
void FieldValueBase<ADC1_CR2_SWSTART_Values<ADC1::CR2, (unsigned int)30, (unsigned int)1, ReadWriteMode, ADC1::ADC1CR2Base>, ADC1::ADC1CR2Base, (unsigned int)1>::Set<ReadWriteMode, void>()
                         0x800'5361    0x14  Code  Wk  main.o [1]
void FieldValueBase<DMA2_S0CR_CIRC_Values<DMA2::S0CR, (unsigned int)8, (unsigned int)1, ReadWriteMode, DMA2::DMA2S0CRBase>, DMA2::DMA2S0CRBase, (unsigned int)0>::Set<ReadWriteMode, void>()
                         0x800'59dd    0x10  Code  Wk  ADC.o [3]
void FieldValueBase<DMA2_S0CR_EN_Values<DMA2::S0CR, (unsigned int)0, (unsigned int)1, ReadWriteMode, DMA2::DMA2S0CRBase>, DMA2::DMA2S0CRBase, (unsigned int)0>::Set<ReadWriteMode, void>()
                         0x800'59cd    0x10  Code  Wk  ADC.o [3]
void FieldValueBase<GPIOA_MODER_MODER15_Values<GPIOA::MODER, (unsigned int)0, (unsigned int)2, ReadWriteMode, GPIOA::GPIOAMODERBase>, GPIOA::GPIOAMODERBase, (unsigned int)3>::Set<ReadWriteMode, void>()
                         0x800'52b1    0x14  Code  Wk  main.o [1]
void FieldValueBase<GPIOB_AFRL_AFRL7_Values<GPIOB::AFRL, (unsigned int)16, (unsigned int)4, ReadWriteMode, GPIOB::GPIOBAFRLBase>, GPIOB::GPIOBAFRLBase, (unsigned int)2>::Set<ReadWriteMode, void>()
                         0x800'5389    0x14  Code  Wk  main.o [1]
void FieldValueBase<GPIOB_MODER_MODER15_Values<GPIOB::MODER, (unsigned int)8, (unsigned int)2, ReadWriteMode, GPIOB::GPIOBMODERBase>, GPIOB::GPIOBMODERBase, (unsigned int)2>::Set<ReadWriteMode, void>()
                         0x800'5375    0x14  Code  Wk  main.o [1]
void FieldValueBase<GPIOC_AFRL_AFRL7_Values<GPIOC::AFRL, (unsigned int)28, (unsigned int)4, ReadWriteMode, GPIOC::GPIOCAFRLBase>, GPIOC::GPIOCAFRLBase, (unsigned int)2>::Set<ReadWriteMode, void>()
                         0x800'5491    0x14  Code  Wk  main.o [1]
void FieldValueBase<GPIOC_MODER_MODER15_Values<GPIOC::MODER, (unsigned int)14, (unsigned int)2, ReadWriteMode, GPIOC::GPIOCMODERBase>, GPIOC::GPIOCMODERBase, (unsigned int)2>::Set<ReadWriteMode, void>()
                         0x800'547d    0x14  Code  Wk  main.o [1]
void FieldValueBase<GPIOC_MODER_MODER15_Values<GPIOC::MODER, (unsigned int)18, (unsigned int)2, ReadWriteMode, GPIOC::GPIOCMODERBase>, GPIOC::GPIOCMODERBase, (unsigned int)1>::Set<ReadWriteMode, void>()
                         0x800'53b1    0x14  Code  Wk  main.o [1]
void FieldValueBase<RCC_AHB1ENR_DMA2EN_Values<RCC::AHB1ENR, (unsigned int)22, (unsigned int)1, ReadWriteMode, RCC::RCCAHB1ENRBase>, RCC::RCCAHB1ENRBase, (unsigned int)1>::Set<ReadWriteMode, void>()
                         0x800'52d9    0x14  Code  Wk  main.o [1]
void FieldValueBase<RCC_AHB1ENR_DMA2EN_Values<RCC::APB1ENR, (unsigned int)1, (unsigned int)1, ReadWriteMode, RCC::RCCAPB1ENRBase>, RCC::RCCAPB1ENRBase, (unsigned int)1>::Set<ReadWriteMode, void>()
                         0x800'53c5    0x14  Code  Wk  main.o [1]
void FieldValueBase<RCC_AHB1ENR_DMA2EN_Values<RCC::APB2ENR, (unsigned int)8, (unsigned int)1, ReadWriteMode, RCC::RCCAPB2ENRBase>, RCC::RCCAPB2ENRBase, (unsigned int)1>::Set<ReadWriteMode, void>()
                         0x800'52c5    0x14  Code  Wk  main.o [1]
void FieldValueBase<RCC_AHB1ENR_GPIOAEN_Values<RCC::AHB1ENR, (unsigned int)0, (unsigned int)1, ReadWriteMode, RCC::RCCAHB1ENRBase>, RCC::RCCAHB1ENRBase, (unsigned int)1>::Set<ReadWriteMode, void>()
                         0x800'5289    0x14  Code  Wk  main.o [1]
void FieldValueBase<RCC_AHB1ENR_GPIOBEN_Values<RCC::AHB1ENR, (unsigned int)1, (unsigned int)1, ReadWriteMode, RCC::RCCAHB1ENRBase>, RCC::RCCAHB1ENRBase, (unsigned int)1>::Set<ReadWriteMode, void>()
                         0x800'529d    0x14  Code  Wk  main.o [1]
void FieldValueBase<RCC_AHB1ENR_GPIOCEN_Values<RCC::AHB1ENR, (unsigned int)2, (unsigned int)1, ReadWriteMode, RCC::RCCAHB1ENRBase>, RCC::RCCAHB1ENRBase, (unsigned int)1>::Set<ReadWriteMode, void>()
                         0x800'539d    0x14  Code  Wk  main.o [1]
void FieldValueBase<TIM3_CCER_CC1E_Values<TIM3::CCER, (unsigned int)0, (unsigned int)1, ReadWriteMode, TIM3::TIM3CCERBase>, TIM3::TIM3CCERBase, (unsigned int)1>::Set<ReadWriteMode, void>()
                         0x800'5421    0x14  Code  Wk  main.o [1]
void FieldValueBase<TIM3_CCER_CC1NP_Values<TIM3::CCER, (unsigned int)3, (unsigned int)1, ReadWriteMode, TIM3::TIM3CCERBase>, TIM3::TIM3CCERBase, (unsigned int)0>::Set<ReadWriteMode, void>()
                         0x800'5411    0x10  Code  Wk  main.o [1]
void FieldValueBase<TIM3_CCER_CC1P_Values<TIM3::CCER, (unsigned int)1, (unsigned int)1, ReadWriteMode, TIM3::TIM3CCERBase>, TIM3::TIM3CCERBase, (unsigned int)0>::Set<ReadWriteMode, void>()
                         0x800'5401    0x10  Code  Wk  main.o [1]
void FieldValueBase<TIM3_CCER_CC2E_Values<TIM3::CCER, (unsigned int)4, (unsigned int)1, ReadWriteMode, TIM3::TIM3CCERBase>, TIM3::TIM3CCERBase, (unsigned int)1>::Set<ReadWriteMode, void>()
                         0x800'54e5    0x14  Code  Wk  main.o [1]
void FieldValueBase<TIM3_CCMR1_Input_CC1S_Values<TIM3::CCMR1_Input, (unsigned int)0, (unsigned int)2, ReadWriteMode, TIM3::TIM3CCMR1_InputBase>, TIM3::TIM3CCMR1_InputBase, (unsigned int)1>::Set<ReadWriteMode, void>()
                         0x800'53d9    0x14  Code  Wk  main.o [1]
void FieldValueBase<TIM3_CCMR1_Input_IC1F_Values<TIM3::CCMR1_Input, (unsigned int)4, (unsigned int)4, ReadWriteMode, TIM3::TIM3CCMR1_InputBase>, TIM3::TIM3CCMR1_InputBase, (unsigned int)1>::Set<ReadWriteMode, void>()
                         0x800'53ed    0x14  Code  Wk  main.o [1]
void FieldValueBase<TIM3_CCMR1_Output_OC2M_Values<TIM3::CCMR1_Output, (unsigned int)12, (unsigned int)3, ReadWriteMode, TIM3::TIM3CCMR1_OutputBase>, TIM3::TIM3CCMR1_OutputBase, (unsigned int)6>::Set<ReadWriteMode, void>()
                         0x800'54a5    0x14  Code  Wk  main.o [1]
void FieldValueBase<TIM3_CCMR1_Output_OC2PE_Values<TIM3::CCMR1_Output, (unsigned int)11, (unsigned int)1, ReadWriteMode, TIM3::TIM3CCMR1_OutputBase>, TIM3::TIM3CCMR1_OutputBase, (unsigned int)1>::Set<ReadWriteMode, void>()
                         0x800'54b9    0x14  Code  Wk  main.o [1]
void FieldValueBase<TIM3_CR1_CEN_Values<TIM3::CR1, (unsigned int)0, (unsigned int)1, ReadWriteMode, TIM3::TIM3CR1Base>, TIM3::TIM3CR1Base, (unsigned int)1>::Set<ReadWriteMode, void>()
                         0x800'54f9    0x14  Code  Wk  main.o [1]
void FieldValueBase<TIM3_DIER_CC1IE_Values<TIM3::DIER, (unsigned int)1, (unsigned int)1, ReadWriteMode, TIM3::TIM3DIERBase>, TIM3::TIM3DIERBase, (unsigned int)1>::Set<ReadWriteMode, void>()
                         0x800'545d    0x14  Code  Wk  main.o [1]
void FieldValueBase<TIM3_SR_CC1IF_Values<TIM3::SR, (unsigned int)1, (unsigned int)1, ReadWriteMode, TIM3::TIM3SRBase>, TIM3::TIM3SRBase, (unsigned int)0>::Set<ReadWriteMode, void>()
                         0x800'6e99    0x10  Code  Wk  StartUp.o [1]
void FieldValueBase<TIM3_SR_UIF_Values<TIM3::SR, (unsigned int)0, (unsigned int)1, ReadWriteMode, TIM3::TIM3SRBase>, TIM3::TIM3SRBase, (unsigned int)0>::Set<ReadWriteMode, void>()
                         0x800'5441    0x10  Code  Wk  main.o [1]
void OsWrapper::Rtos::CreateThread<CurrentPowerRegulationTask>(CurrentPowerRegulationTask &, char const *, OsWrapper::ThreadPriority)
                         0x800'5555    0x24  Code  Wk  main.o [1]
void OsWrapper::Rtos::CreateThread<FlowTask>(FlowTask &, char const *, OsWrapper::ThreadPriority)
                         0x800'5531    0x24  Code  Wk  main.o [1]
void OsWrapper::Rtos::CreateThread<TemperatureTask>(TemperatureTask &, char const *, OsWrapper::ThreadPriority)
                         0x800'550d    0x24  Code  Wk  main.o [1]
void OsWrapper::RtosWrapper::wCreateThread<OsWrapper::Rtos, CurrentPowerRegulationTask>(CurrentPowerRegulationTask &, char const *, OsWrapper::ThreadPriority, unsigned short, unsigned int *)
                         0x800'5715    0x2c  Code  Wk  main.o [1]
void OsWrapper::RtosWrapper::wCreateThread<OsWrapper::Rtos, FlowTask>(FlowTask &, char const *, OsWrapper::ThreadPriority, unsigned short, unsigned int *)
                         0x800'56e9    0x2c  Code  Wk  main.o [1]
void OsWrapper::RtosWrapper::wCreateThread<OsWrapper::Rtos, TemperatureTask>(TemperatureTask &, char const *, OsWrapper::ThreadPriority, unsigned short, unsigned int *)
                         0x800'56b9    0x2c  Code  Wk  main.o [1]
void Register<(unsigned int)1073898512, (unsigned int)32, ReadWriteMode, DMA2::DMA2S0CRBase, FieldValue<DMA2_S0CR_CHSEL_Values<DMA2::S0CR, (unsigned int)25, (unsigned int)3, ReadWriteMode, DMA2::DMA2S0CRBase>, DMA2::DMA2S0CRBase, (unsigned int)0, void>, FieldValue<DMA2_S0CR_CT_Values<DMA2::S0CR, (unsigned int)19, (unsigned int)1, ReadWriteMode, DMA2::DMA2S0CRBase>, DMA2::DMA2S0CRBase, (unsigned int)0, void>, FieldValue<DMA2_S0CR_DBM_Values<DMA2::S0CR, (unsigned int)18, (unsigned int)1, ReadWriteMode, DMA2::DMA2S0CRBase>, DMA2::DMA2S0CRBase, (unsigned int)0, void>, FieldValue<DMA2_S0CR_MSIZE_Values<DMA2::S0CR, (unsigned int)13, (unsigned int)2, ReadWriteMode, DMA2::DMA2S0CRBase>, DMA2::DMA2S0CRBase, (unsigned int)2, void>, FieldValue<DMA2_S0CR_PSIZE_Values<DMA2::S0CR, (unsigned int)11, (unsigned int)2, ReadWriteMode, DMA2::DMA2S0CRBase>, DMA2::DMA2S0CRBase, (unsigned int)2, void>, FieldValue<DMA2_S0CR_CIRC_Values<DMA2::S0CR, (unsigned int)8, (unsigned int)1, ReadWriteMode, DMA2::DMA2S0CRBase>, DMA2::DMA2S0CRBase, (unsigned int)1, void>, FieldValue<DMA2_S0CR_DIR_Values<DMA2::S0CR, (unsigned int)6, (unsigned int)2, ReadWriteMode, DMA2::DMA2S0CRBase>, DMA2::DMA2S0CRBase, (unsigned int)0, void>, FieldValue<DMA2_S0CR_PFCTRL_Values<DMA2::S0CR, (unsigned int)5, (unsigned int)1, ReadWriteMode, DMA2::DMA2S0CRBase>, DMA2::DMA2S0CRBase, (unsigned int)0, void>, FieldValue<DMA2_S0CR_EN_Values<DMA2::S0CR, (unsigned int)0, (unsigned int)1, ReadWriteMode, DMA2::DMA2S0CRBase>, DMA2::DMA2S0CRBase, (unsigned int)1, void>>::Set<ReadWriteMode, void>()
                         0x800'577d    0x1c  Code  Wk  ADC.o [3]
void RegisterBase<(unsigned int)1073742884, (unsigned int)32, ReadWriteMode>::Write<ReadWriteMode, void>(unsigned int)
                         0x800'5435     0xc  Code  Wk  main.o [1]
void RegisterBase<(unsigned int)1073742888, (unsigned int)32, ReadWriteMode>::Write<ReadWriteMode, void>(unsigned int)
                         0x800'5471     0xc  Code  Wk  main.o [1]
void RegisterBase<(unsigned int)1073742892, (unsigned int)32, ReadWriteMode>::Write<ReadWriteMode, void>(unsigned int)
                         0x800'54cd     0xc  Code  Wk  main.o [1]
void RegisterBase<(unsigned int)1073742904, (unsigned int)32, ReadWriteMode>::Write<ReadWriteMode, void>(unsigned int)
                         0x800'54d9     0xc  Code  Wk  CurrentPowerRegulationTask.o [8]
void RegisterBase<(unsigned int)1073874964, (unsigned int)32, ReadWriteMode>::Toggle<ReadWriteMode, void>(unsigned int)
                         0x800'55e1    0x10  Code  Wk  TemperatureTask.o [8]
void RegisterBase<(unsigned int)1073898516, (unsigned int)32, ReadWriteMode>::Write<ReadWriteMode, void>(unsigned int)
                         0x800'5771     0xc  Code  Wk  ADC.o [3]
void RegisterBase<(unsigned int)1073898520, (unsigned int)32, ReadWriteMode>::Write<ReadWriteMode, void>(unsigned int)
                         0x800'5765     0xc  Code  Wk  ADC.o [3]
void RegisterBase<(unsigned int)1073898524, (unsigned int)32, ReadWriteMode>::Write<ReadWriteMode, void>(unsigned int)
                         0x800'5759     0xc  Code  Wk  ADC.o [3]
void RegisterBase<(unsigned int)3758153984, (unsigned int)32, ReadWriteMode>::Write<ReadWriteMode, void>(unsigned int)
                         0x800'5451     0xc  Code  Wk  main.o [1]
void std::__call_once_proxy<std::tuple<std::<unnamed>::__fake_bind &&>>(void *)
                         0x800'70d5    0x1c  Code  Wk  locale.o [10]
void std::__tree_left_rotate<std::__tree_node_base<void *> *>(std::__tree_node_base<void *> *)
                         0x800'3211    0x20  Code  Wk  iar_newlocale.o [10]
void std::__tree_remove<std::__tree_node_base<void *> *>(std::__tree_node_base<void *> *, std::__tree_node_base<void *> *)
                         0x800'2fb5   0x1a0  Code  Wk  iar_newlocale.o [10]
void std::__tree_right_rotate<std::__tree_node_base<void *> *>(std::__tree_node_base<void *> *)
                         0x800'3231    0x20  Code  Wk  iar_newlocale.o [10]
void std::reverse<char *>(char *, char *)
                         0x800'4cfd    0x18  Code  Wk  locale.o [10]
vsnprintf                0x800'2e39    0x3c  Code  Gb  vsnprint.o [9]
waterConsumption        0x2000'2f6c    0x10  Data  Gb  main.o [1]
xActiveTimerList1       0x2000'2f34    0x14  Data  Lc  timers.o [6]
xActiveTimerList2       0x2000'2f48    0x14  Data  Lc  timers.o [6]
xDelayedTaskList1       0x2000'2ee4    0x14  Data  Lc  tasks.o [6]
xDelayedTaskList2       0x2000'2ef8    0x14  Data  Lc  tasks.o [6]
xIdleTaskHandle         0x2000'3094     0x4  Data  Lc  tasks.o [6]
xNextTaskUnblockTime    0x2000'3090     0x4  Data  Lc  tasks.o [6]
xNumOfOverflows         0x2000'3088     0x4  Data  Lc  tasks.o [6]
xPendingReadyList       0x2000'2f0c    0x14  Data  Lc  tasks.o [6]
xPortPendSVHandler       0x800'4035          Code  Gb  portasm.o [7]
xPortStartScheduler      0x800'3b55    0x88  Code  Gb  port.o [7]
xPortSysTickHandler      0x800'3c15    0x28  Code  Gb  port.o [7]
xQueueGenericCreateStatic
                         0x800'415b    0x38  Code  Gb  queue.o [6]
xQueueGenericReceive     0x800'438f   0x190  Code  Gb  queue.o [6]
xQueueGenericReset       0x800'40dd    0x7e  Code  Gb  queue.o [6]
xQueueGenericSend        0x800'41af   0x142  Code  Gb  queue.o [6]
xQueueGenericSendFromISR
                         0x800'42f1    0x9e  Code  Gb  queue.o [6]
xQueueRegistry          0x2000'2e5c    0x40  Data  Gb  queue.o [6]
xSchedulerRunning       0x2000'307c     0x4  Data  Lc  tasks.o [6]
xSuspendedTaskList      0x2000'2f20    0x14  Data  Lc  tasks.o [6]
xTaskCheckForTimeOut     0x800'375d    0x5a  Code  Gb  tasks.o [6]
xTaskCreateStatic        0x800'3261    0x36  Code  Gb  tasks.o [6]
xTaskGetSchedulerState   0x800'3841    0x1e  Code  Gb  tasks.o [6]
xTaskGetTickCount        0x800'3559     0x8  Code  Gb  tasks.o [6]
xTaskIncrementTick       0x800'3561    0xe6  Code  Gb  tasks.o [6]
xTaskPriorityDisinherit
                         0x800'38e9    0x7e  Code  Gb  tasks.o [6]
xTaskRemoveFromEventList
                         0x800'36dd    0x6e  Code  Gb  tasks.o [6]
xTaskResumeAll           0x800'3489    0xd0  Code  Gb  tasks.o [6]
xTickCount              0x2000'3074     0x4  Data  Lc  tasks.o [6]
xTimerCreateTimerTask    0x800'3c7d    0x56  Code  Gb  timers.o [6]
xTimerGenericCommand     0x800'3cd3    0x50  Code  Gb  timers.o [6]
xTimerQueue             0x2000'30a4     0x4  Data  Lc  timers.o [6]
xTimerTaskHandle        0x2000'30a8     0x4  Data  Lc  timers.o [6]
xYieldPending           0x2000'3084     0x4  Data  Lc  tasks.o [6]


[1] = R:\POIP\POIP\POIP2\Kurs\POIP_Kersovow\Debug\Obj
[2] = R:\POIP\POIP\POIP2\Kurs\POIP_Kersovow\Debug\Obj\Applications\Parameters
[3] = R:\POIP\POIP\POIP2\Kurs\POIP_Kersovow\Debug\Obj\Hardware\ADC
[4] = R:\POIP\POIP\POIP2\Kurs\POIP_Kersovow\Debug\Obj\Hardware\Flowmeter
[5] = R:\POIP\POIP\POIP2\Kurs\POIP_Kersovow\Debug\Obj\Hardware\PWM
[6] = R:\POIP\POIP\POIP2\Kurs\POIP_Kersovow\Debug\Obj\Rtos\FreeRtos
[7] = R:\POIP\POIP\POIP2\Kurs\POIP_Kersovow\Debug\Obj\Rtos\FreeRtos\portable\IAR\ARM_CM4F
[8] = R:\POIP\POIP\POIP2\Kurs\POIP_Kersovow\Debug\Obj\Thread
[9] = dl7M_tlf.a
[10] = dllibcpp7M_tls_fc.a
[11] = dlpprt7M_tl_fc.a
[12] = m7M_tls.a
[13] = rt7M_tl.a
[14] = shb_l.a

  26'369 bytes of readonly  code memory
   3'588 bytes of readonly  data memory
  29'321 bytes of readwrite data memory

Errors: none
Warnings: none
